Archive member included to satisfy reference by file (symbol)

/home/marek/Ac6/SystemWorkbench/plugins/fr.ac6.mcu.externaltools.arm-none.linux64_1.17.0.201812190825/tools/compiler/bin/../lib/gcc/arm-none-eabi/7.3.1/../../../../arm-none-eabi/lib/thumb/v7-m/libc.a(lib_a-errno.o)
                              Source/syscalls.o (__errno)
/home/marek/Ac6/SystemWorkbench/plugins/fr.ac6.mcu.externaltools.arm-none.linux64_1.17.0.201812190825/tools/compiler/bin/../lib/gcc/arm-none-eabi/7.3.1/../../../../arm-none-eabi/lib/thumb/v7-m/libc.a(lib_a-exit.o)
                              /home/marek/Ac6/SystemWorkbench/plugins/fr.ac6.mcu.externaltools.arm-none.linux64_1.17.0.201812190825/tools/compiler/bin/../lib/gcc/arm-none-eabi/7.3.1/../../../../arm-none-eabi/lib/thumb/v7-m/crt0.o (exit)
/home/marek/Ac6/SystemWorkbench/plugins/fr.ac6.mcu.externaltools.arm-none.linux64_1.17.0.201812190825/tools/compiler/bin/../lib/gcc/arm-none-eabi/7.3.1/../../../../arm-none-eabi/lib/thumb/v7-m/libc.a(lib_a-impure.o)
                              /home/marek/Ac6/SystemWorkbench/plugins/fr.ac6.mcu.externaltools.arm-none.linux64_1.17.0.201812190825/tools/compiler/bin/../lib/gcc/arm-none-eabi/7.3.1/../../../../arm-none-eabi/lib/thumb/v7-m/libc.a(lib_a-exit.o) (_global_impure_ptr)
/home/marek/Ac6/SystemWorkbench/plugins/fr.ac6.mcu.externaltools.arm-none.linux64_1.17.0.201812190825/tools/compiler/bin/../lib/gcc/arm-none-eabi/7.3.1/../../../../arm-none-eabi/lib/thumb/v7-m/libc.a(lib_a-init.o)
                              /home/marek/Ac6/SystemWorkbench/plugins/fr.ac6.mcu.externaltools.arm-none.linux64_1.17.0.201812190825/tools/compiler/bin/../lib/gcc/arm-none-eabi/7.3.1/../../../../arm-none-eabi/lib/thumb/v7-m/crt0.o (__libc_init_array)
/home/marek/Ac6/SystemWorkbench/plugins/fr.ac6.mcu.externaltools.arm-none.linux64_1.17.0.201812190825/tools/compiler/bin/../lib/gcc/arm-none-eabi/7.3.1/../../../../arm-none-eabi/lib/thumb/v7-m/libc.a(lib_a-memcpy.o)
                              FreeRTOS/Source/queue.o (memcpy)
/home/marek/Ac6/SystemWorkbench/plugins/fr.ac6.mcu.externaltools.arm-none.linux64_1.17.0.201812190825/tools/compiler/bin/../lib/gcc/arm-none-eabi/7.3.1/../../../../arm-none-eabi/lib/thumb/v7-m/libc.a(lib_a-memset.o)
                              /home/marek/Ac6/SystemWorkbench/plugins/fr.ac6.mcu.externaltools.arm-none.linux64_1.17.0.201812190825/tools/compiler/bin/../lib/gcc/arm-none-eabi/7.3.1/../../../../arm-none-eabi/lib/thumb/v7-m/crt0.o (memset)
/home/marek/Ac6/SystemWorkbench/plugins/fr.ac6.mcu.externaltools.arm-none.linux64_1.17.0.201812190825/tools/compiler/bin/../lib/gcc/arm-none-eabi/7.3.1/../../../../arm-none-eabi/lib/thumb/v7-m/libc.a(lib_a-__call_atexit.o)
                              /home/marek/Ac6/SystemWorkbench/plugins/fr.ac6.mcu.externaltools.arm-none.linux64_1.17.0.201812190825/tools/compiler/bin/../lib/gcc/arm-none-eabi/7.3.1/../../../../arm-none-eabi/lib/thumb/v7-m/libc.a(lib_a-exit.o) (__call_exitprocs)
/home/marek/Ac6/SystemWorkbench/plugins/fr.ac6.mcu.externaltools.arm-none.linux64_1.17.0.201812190825/tools/compiler/bin/../lib/gcc/arm-none-eabi/7.3.1/../../../../arm-none-eabi/lib/thumb/v7-m/libc.a(lib_a-atexit.o)
                              /home/marek/Ac6/SystemWorkbench/plugins/fr.ac6.mcu.externaltools.arm-none.linux64_1.17.0.201812190825/tools/compiler/bin/../lib/gcc/arm-none-eabi/7.3.1/../../../../arm-none-eabi/lib/thumb/v7-m/libc.a(lib_a-__call_atexit.o) (atexit)
/home/marek/Ac6/SystemWorkbench/plugins/fr.ac6.mcu.externaltools.arm-none.linux64_1.17.0.201812190825/tools/compiler/bin/../lib/gcc/arm-none-eabi/7.3.1/../../../../arm-none-eabi/lib/thumb/v7-m/libc.a(lib_a-fini.o)
                              /home/marek/Ac6/SystemWorkbench/plugins/fr.ac6.mcu.externaltools.arm-none.linux64_1.17.0.201812190825/tools/compiler/bin/../lib/gcc/arm-none-eabi/7.3.1/../../../../arm-none-eabi/lib/thumb/v7-m/libc.a(lib_a-__call_atexit.o) (__libc_fini_array)
/home/marek/Ac6/SystemWorkbench/plugins/fr.ac6.mcu.externaltools.arm-none.linux64_1.17.0.201812190825/tools/compiler/bin/../lib/gcc/arm-none-eabi/7.3.1/../../../../arm-none-eabi/lib/thumb/v7-m/libc.a(lib_a-lock.o)
                              /home/marek/Ac6/SystemWorkbench/plugins/fr.ac6.mcu.externaltools.arm-none.linux64_1.17.0.201812190825/tools/compiler/bin/../lib/gcc/arm-none-eabi/7.3.1/../../../../arm-none-eabi/lib/thumb/v7-m/libc.a(lib_a-__call_atexit.o) (__retarget_lock_acquire_recursive)
/home/marek/Ac6/SystemWorkbench/plugins/fr.ac6.mcu.externaltools.arm-none.linux64_1.17.0.201812190825/tools/compiler/bin/../lib/gcc/arm-none-eabi/7.3.1/../../../../arm-none-eabi/lib/thumb/v7-m/libc.a(lib_a-__atexit.o)
                              /home/marek/Ac6/SystemWorkbench/plugins/fr.ac6.mcu.externaltools.arm-none.linux64_1.17.0.201812190825/tools/compiler/bin/../lib/gcc/arm-none-eabi/7.3.1/../../../../arm-none-eabi/lib/thumb/v7-m/libc.a(lib_a-atexit.o) (__register_exitproc)

Allocating common symbols
Common symbol       size              file

[...]
Memory Configuration

Name             Origin             Length             Attributes
RAM              0x0000000020000000 0x0000000000005000 xrw
ROM              0x0000000008000000 0x0000000000010000 xr
*default*        0x0000000000000000 0xffffffffffffffff

Linker script and memory map

LOAD /home/marek/Ac6/SystemWorkbench/plugins/fr.ac6.mcu.externaltools.arm-none.linux64_1.17.0.201812190825/tools/compiler/bin/../lib/gcc/arm-none-eabi/7.3.1/thumb/v7-m/crti.o
LOAD /home/marek/Ac6/SystemWorkbench/plugins/fr.ac6.mcu.externaltools.arm-none.linux64_1.17.0.201812190825/tools/compiler/bin/../lib/gcc/arm-none-eabi/7.3.1/thumb/v7-m/crtbegin.o
LOAD /home/marek/Ac6/SystemWorkbench/plugins/fr.ac6.mcu.externaltools.arm-none.linux64_1.17.0.201812190825/tools/compiler/bin/../lib/gcc/arm-none-eabi/7.3.1/../../../../arm-none-eabi/lib/thumb/v7-m/crt0.o
LOAD FreeRTOS/Source/CMSIS_RTOS/cmsis_os.o
LOAD FreeRTOS/Source/croutine.o
LOAD FreeRTOS/Source/event_groups.o
LOAD FreeRTOS/Source/list.o
LOAD FreeRTOS/Source/queue.o
LOAD FreeRTOS/Source/tasks.o
LOAD FreeRTOS/Source/timers.o
LOAD FreeRTOS/Source/portable/GCC/ARM_CM3/port.o
LOAD FreeRTOS/Source/portable/MemMang/heap_4.o
LOAD HAL_Driver/Src/stm32f1xx_hal.o
LOAD HAL_Driver/Src/stm32f1xx_hal_adc.o
LOAD HAL_Driver/Src/stm32f1xx_hal_adc_ex.o
LOAD HAL_Driver/Src/stm32f1xx_hal_cec.o
LOAD HAL_Driver/Src/stm32f1xx_hal_cortex.o
LOAD HAL_Driver/Src/stm32f1xx_hal_crc.o
LOAD HAL_Driver/Src/stm32f1xx_hal_dac.o
LOAD HAL_Driver/Src/stm32f1xx_hal_dac_ex.o
LOAD HAL_Driver/Src/stm32f1xx_hal_dma.o
LOAD HAL_Driver/Src/stm32f1xx_hal_eth.o
LOAD HAL_Driver/Src/stm32f1xx_hal_flash.o
LOAD HAL_Driver/Src/stm32f1xx_hal_flash_ex.o
LOAD HAL_Driver/Src/stm32f1xx_hal_gpio.o
LOAD HAL_Driver/Src/stm32f1xx_hal_gpio_ex.o
LOAD HAL_Driver/Src/stm32f1xx_hal_hcd.o
LOAD HAL_Driver/Src/stm32f1xx_hal_i2c.o
LOAD HAL_Driver/Src/stm32f1xx_hal_i2s.o
LOAD HAL_Driver/Src/stm32f1xx_hal_irda.o
LOAD HAL_Driver/Src/stm32f1xx_hal_iwdg.o
LOAD HAL_Driver/Src/stm32f1xx_hal_mmc.o
LOAD HAL_Driver/Src/stm32f1xx_hal_msp_template.o
LOAD HAL_Driver/Src/stm32f1xx_hal_nand.o
LOAD HAL_Driver/Src/stm32f1xx_hal_nor.o
LOAD HAL_Driver/Src/stm32f1xx_hal_pccard.o
LOAD HAL_Driver/Src/stm32f1xx_hal_pcd.o
LOAD HAL_Driver/Src/stm32f1xx_hal_pcd_ex.o
LOAD HAL_Driver/Src/stm32f1xx_hal_pwr.o
LOAD HAL_Driver/Src/stm32f1xx_hal_rcc.o
LOAD HAL_Driver/Src/stm32f1xx_hal_rcc_ex.o
LOAD HAL_Driver/Src/stm32f1xx_hal_rtc.o
LOAD HAL_Driver/Src/stm32f1xx_hal_rtc_ex.o
LOAD HAL_Driver/Src/stm32f1xx_hal_sd.o
LOAD HAL_Driver/Src/stm32f1xx_hal_smartcard.o
LOAD HAL_Driver/Src/stm32f1xx_hal_spi.o
LOAD HAL_Driver/Src/stm32f1xx_hal_spi_ex.o
LOAD HAL_Driver/Src/stm32f1xx_hal_sram.o
LOAD HAL_Driver/Src/stm32f1xx_hal_tim.o
LOAD HAL_Driver/Src/stm32f1xx_hal_tim_ex.o
LOAD HAL_Driver/Src/stm32f1xx_hal_uart.o
LOAD HAL_Driver/Src/stm32f1xx_hal_usart.o
LOAD HAL_Driver/Src/stm32f1xx_hal_wwdg.o
LOAD HAL_Driver/Src/stm32f1xx_ll_adc.o
LOAD HAL_Driver/Src/stm32f1xx_ll_crc.o
LOAD HAL_Driver/Src/stm32f1xx_ll_dac.o
LOAD HAL_Driver/Src/stm32f1xx_ll_dma.o
LOAD HAL_Driver/Src/stm32f1xx_ll_exti.o
LOAD HAL_Driver/Src/stm32f1xx_ll_fsmc.o
LOAD HAL_Driver/Src/stm32f1xx_ll_gpio.o
LOAD HAL_Driver/Src/stm32f1xx_ll_i2c.o
LOAD HAL_Driver/Src/stm32f1xx_ll_pwr.o
LOAD HAL_Driver/Src/stm32f1xx_ll_rcc.o
LOAD HAL_Driver/Src/stm32f1xx_ll_rtc.o
LOAD HAL_Driver/Src/stm32f1xx_ll_sdmmc.o
LOAD HAL_Driver/Src/stm32f1xx_ll_spi.o
LOAD HAL_Driver/Src/stm32f1xx_ll_tim.o
LOAD HAL_Driver/Src/stm32f1xx_ll_usart.o
LOAD HAL_Driver/Src/stm32f1xx_ll_usb.o
LOAD HAL_Driver/Src/stm32f1xx_ll_utils.o
LOAD Source/ApplicationLayer/Communication.o
LOAD Source/ApplicationLayer/Diagnostics.o
LOAD Source/ApplicationLayer/Motor.o
LOAD Source/ApplicationLayer/PID.o
LOAD Source/ApplicationLayer/Sensor.o
LOAD Source/ApplicationLayer/Setpoint.o
LOAD Source/ApplicationLayer/State.o
LOAD Source/ApplicationLayer/StatusLED.o
LOAD Source/HardwareLayer/ADC_DMA.o
LOAD Source/HardwareLayer/DigitalOutput.o
LOAD Source/HardwareLayer/PWM.o
LOAD Source/HardwareLayer/Pwr.o
LOAD Source/HardwareLayer/Timer.o
LOAD Source/HardwareLayer/UART_DMA.o
LOAD Source/main.o
LOAD Source/stm32f1xx_it.o
LOAD Source/syscalls.o
LOAD Source/system_stm32f1xx.o
LOAD startup/startup_stm32.o
LOAD /home/marek/Ac6/SystemWorkbench/plugins/fr.ac6.mcu.externaltools.arm-none.linux64_1.17.0.201812190825/tools/compiler/bin/../lib/gcc/arm-none-eabi/7.3.1/../../../../arm-none-eabi/lib/thumb/v7-m/libm.a
START GROUP
LOAD /home/marek/Ac6/SystemWorkbench/plugins/fr.ac6.mcu.externaltools.arm-none.linux64_1.17.0.201812190825/tools/compiler/bin/../lib/gcc/arm-none-eabi/7.3.1/thumb/v7-m/libgcc.a
LOAD /home/marek/Ac6/SystemWorkbench/plugins/fr.ac6.mcu.externaltools.arm-none.linux64_1.17.0.201812190825/tools/compiler/bin/../lib/gcc/arm-none-eabi/7.3.1/../../../../arm-none-eabi/lib/thumb/v7-m/libc.a
END GROUP
LOAD /home/marek/Ac6/SystemWorkbench/plugins/fr.ac6.mcu.externaltools.arm-none.linux64_1.17.0.201812190825/tools/compiler/bin/../lib/gcc/arm-none-eabi/7.3.1/thumb/v7-m/crtend.o
LOAD /home/marek/Ac6/SystemWorkbench/plugins/fr.ac6.mcu.externaltools.arm-none.linux64_1.17.0.201812190825/tools/compiler/bin/../lib/gcc/arm-none-eabi/7.3.1/thumb/v7-m/crtn.o
                0x0000000020005000                _estack = 0x20005000
                0x0000000000000000                _Min_Heap_Size = 0x0
                0x0000000000000400                _Min_Stack_Size = 0x400

.isr_vector     0x0000000008000000      0x130
                0x0000000008000000                . = ALIGN (0x4)
 *(.isr_vector)
 .isr_vector    0x0000000008000000      0x130 startup/startup_stm32.o
                0x0000000008000000                g_pfnVectors
                0x0000000008000130                . = ALIGN (0x4)

.text           0x0000000008000130     0x3664
                0x0000000008000130                . = ALIGN (0x4)
 *(.text)
 .text          0x0000000008000130       0x40 /home/marek/Ac6/SystemWorkbench/plugins/fr.ac6.mcu.externaltools.arm-none.linux64_1.17.0.201812190825/tools/compiler/bin/../lib/gcc/arm-none-eabi/7.3.1/thumb/v7-m/crtbegin.o
 *(.text*)
 .text.osSystickHandler
                0x0000000008000170       0x16 FreeRTOS/Source/CMSIS_RTOS/cmsis_os.o
                0x0000000008000170                osSystickHandler
 .text.vListInitialise
                0x0000000008000186       0x3e FreeRTOS/Source/list.o
                0x0000000008000186                vListInitialise
 .text.vListInitialiseItem
                0x00000000080001c4       0x18 FreeRTOS/Source/list.o
                0x00000000080001c4                vListInitialiseItem
 .text.vListInsertEnd
                0x00000000080001dc       0x46 FreeRTOS/Source/list.o
                0x00000000080001dc                vListInsertEnd
 .text.vListInsert
                0x0000000008000222       0x70 FreeRTOS/Source/list.o
                0x0000000008000222                vListInsert
 .text.uxListRemove
                0x0000000008000292       0x52 FreeRTOS/Source/list.o
                0x0000000008000292                uxListRemove
 .text.xTaskCreate
                0x00000000080002e4       0x82 FreeRTOS/Source/tasks.o
                0x00000000080002e4                xTaskCreate
 .text.prvInitialiseNewTask
                0x0000000008000366      0x10c FreeRTOS/Source/tasks.o
 *fill*         0x0000000008000472        0x2 
 .text.prvAddNewTaskToReadyList
                0x0000000008000474       0xdc FreeRTOS/Source/tasks.o
 .text.vTaskDelay
                0x0000000008000550       0x68 FreeRTOS/Source/tasks.o
                0x0000000008000550                vTaskDelay
 .text.vTaskStartScheduler
                0x00000000080005b8       0x8c FreeRTOS/Source/tasks.o
                0x00000000080005b8                vTaskStartScheduler
 .text.vTaskSuspendAll
                0x0000000008000644       0x1c FreeRTOS/Source/tasks.o
                0x0000000008000644                vTaskSuspendAll
 .text.xTaskResumeAll
                0x0000000008000660      0x138 FreeRTOS/Source/tasks.o
                0x0000000008000660                xTaskResumeAll
 .text.xTaskIncrementTick
                0x0000000008000798      0x178 FreeRTOS/Source/tasks.o
                0x0000000008000798                xTaskIncrementTick
 .text.vTaskSwitchContext
                0x0000000008000910       0xb4 FreeRTOS/Source/tasks.o
                0x0000000008000910                vTaskSwitchContext
 .text.prvIdleTask
                0x00000000080009c4       0x30 FreeRTOS/Source/tasks.o
 .text.prvInitialiseTaskLists
                0x00000000080009f4       0x80 FreeRTOS/Source/tasks.o
 .text.prvCheckTasksWaitingTermination
                0x0000000008000a74       0x78 FreeRTOS/Source/tasks.o
 .text.prvDeleteTCB
                0x0000000008000aec       0x20 FreeRTOS/Source/tasks.o
 .text.prvResetNextTaskUnblockTime
                0x0000000008000b0c       0x48 FreeRTOS/Source/tasks.o
 .text.xTaskGetSchedulerState
                0x0000000008000b54       0x3c FreeRTOS/Source/tasks.o
                0x0000000008000b54                xTaskGetSchedulerState
 .text.prvAddCurrentTaskToDelayedList
                0x0000000008000b90       0xcc FreeRTOS/Source/tasks.o
 .text.pxPortInitialiseStack
                0x0000000008000c5c       0x58 FreeRTOS/Source/portable/GCC/ARM_CM3/port.o
                0x0000000008000c5c                pxPortInitialiseStack
 .text.prvTaskExitError
                0x0000000008000cb4       0x3c FreeRTOS/Source/portable/GCC/ARM_CM3/port.o
 .text.SVC_Handler
                0x0000000008000cf0       0x28 FreeRTOS/Source/portable/GCC/ARM_CM3/port.o
                0x0000000008000cf0                SVC_Handler
 .text.prvPortStartFirstTask
                0x0000000008000d18       0x20 FreeRTOS/Source/portable/GCC/ARM_CM3/port.o
 .text.xPortStartScheduler
                0x0000000008000d38       0xbc FreeRTOS/Source/portable/GCC/ARM_CM3/port.o
                0x0000000008000d38                xPortStartScheduler
 .text.vPortEnterCritical
                0x0000000008000df4       0x5c FreeRTOS/Source/portable/GCC/ARM_CM3/port.o
                0x0000000008000df4                vPortEnterCritical
 .text.vPortExitCritical
                0x0000000008000e50       0x4c FreeRTOS/Source/portable/GCC/ARM_CM3/port.o
                0x0000000008000e50                vPortExitCritical
 *fill*         0x0000000008000e9c        0x4 
 .text.PendSV_Handler
                0x0000000008000ea0       0x48 FreeRTOS/Source/portable/GCC/ARM_CM3/port.o
                0x0000000008000ea0                PendSV_Handler
 .text.xPortSysTickHandler
                0x0000000008000ee8       0x40 FreeRTOS/Source/portable/GCC/ARM_CM3/port.o
                0x0000000008000ee8                xPortSysTickHandler
 .text.vPortSetupTimerInterrupt
                0x0000000008000f28       0x34 FreeRTOS/Source/portable/GCC/ARM_CM3/port.o
                0x0000000008000f28                vPortSetupTimerInterrupt
 .text.pvPortMalloc
                0x0000000008000f5c      0x184 FreeRTOS/Source/portable/MemMang/heap_4.o
                0x0000000008000f5c                pvPortMalloc
 .text.vPortFree
                0x00000000080010e0       0xb0 FreeRTOS/Source/portable/MemMang/heap_4.o
                0x00000000080010e0                vPortFree
 .text.prvHeapInit
                0x0000000008001190       0xc4 FreeRTOS/Source/portable/MemMang/heap_4.o
 .text.prvInsertBlockIntoFreeList
                0x0000000008001254       0xb0 FreeRTOS/Source/portable/MemMang/heap_4.o
 .text.HAL_Init
                0x0000000008001304       0x2c HAL_Driver/Src/stm32f1xx_hal.o
                0x0000000008001304                HAL_Init
 .text.HAL_InitTick
                0x0000000008001330       0x60 HAL_Driver/Src/stm32f1xx_hal.o
                0x0000000008001330                HAL_InitTick
 .text.HAL_IncTick
                0x0000000008001390       0x24 HAL_Driver/Src/stm32f1xx_hal.o
                0x0000000008001390                HAL_IncTick
 .text.HAL_GetTick
                0x00000000080013b4       0x14 HAL_Driver/Src/stm32f1xx_hal.o
                0x00000000080013b4                HAL_GetTick
 .text.HAL_ADC_Init
                0x00000000080013c8      0x1b0 HAL_Driver/Src/stm32f1xx_hal_adc.o
                0x00000000080013c8                HAL_ADC_Init
 .text.HAL_ADC_MspInit
                0x0000000008001578       0x12 HAL_Driver/Src/stm32f1xx_hal_adc.o
                0x0000000008001578                HAL_ADC_MspInit
 *fill*         0x000000000800158a        0x2 
 .text.HAL_ADC_Start_DMA
                0x000000000800158c      0x1bc HAL_Driver/Src/stm32f1xx_hal_adc.o
                0x000000000800158c                HAL_ADC_Start_DMA
 .text.HAL_ADC_ConvCpltCallback
                0x0000000008001748       0x12 HAL_Driver/Src/stm32f1xx_hal_adc.o
                0x0000000008001748                HAL_ADC_ConvCpltCallback
 .text.HAL_ADC_ConvHalfCpltCallback
                0x000000000800175a       0x12 HAL_Driver/Src/stm32f1xx_hal_adc.o
                0x000000000800175a                HAL_ADC_ConvHalfCpltCallback
 .text.HAL_ADC_ErrorCallback
                0x000000000800176c       0x12 HAL_Driver/Src/stm32f1xx_hal_adc.o
                0x000000000800176c                HAL_ADC_ErrorCallback
 *fill*         0x000000000800177e        0x2 
 .text.HAL_ADC_ConfigChannel
                0x0000000008001780      0x1f0 HAL_Driver/Src/stm32f1xx_hal_adc.o
                0x0000000008001780                HAL_ADC_ConfigChannel
 .text.ADC_Enable
                0x0000000008001970       0xa4 HAL_Driver/Src/stm32f1xx_hal_adc.o
                0x0000000008001970                ADC_Enable
 .text.ADC_ConversionStop_Disable
                0x0000000008001a14       0x74 HAL_Driver/Src/stm32f1xx_hal_adc.o
                0x0000000008001a14                ADC_ConversionStop_Disable
 .text.ADC_DMAConvCplt
                0x0000000008001a88       0x7c HAL_Driver/Src/stm32f1xx_hal_adc.o
                0x0000000008001a88                ADC_DMAConvCplt
 .text.ADC_DMAHalfConvCplt
                0x0000000008001b04       0x1c HAL_Driver/Src/stm32f1xx_hal_adc.o
                0x0000000008001b04                ADC_DMAHalfConvCplt
 .text.ADC_DMAError
                0x0000000008001b20       0x34 HAL_Driver/Src/stm32f1xx_hal_adc.o
                0x0000000008001b20                ADC_DMAError
 .text.NVIC_SetPriorityGrouping
                0x0000000008001b54       0x48 HAL_Driver/Src/stm32f1xx_hal_cortex.o
 .text.NVIC_GetPriorityGrouping
                0x0000000008001b9c       0x1c HAL_Driver/Src/stm32f1xx_hal_cortex.o
 .text.NVIC_SetPriority
                0x0000000008001bb8       0x54 HAL_Driver/Src/stm32f1xx_hal_cortex.o
 .text.NVIC_EncodePriority
                0x0000000008001c0c       0x64 HAL_Driver/Src/stm32f1xx_hal_cortex.o
 .text.SysTick_Config
                0x0000000008001c70       0x44 HAL_Driver/Src/stm32f1xx_hal_cortex.o
 .text.HAL_NVIC_SetPriorityGrouping
                0x0000000008001cb4       0x16 HAL_Driver/Src/stm32f1xx_hal_cortex.o
                0x0000000008001cb4                HAL_NVIC_SetPriorityGrouping
 .text.HAL_NVIC_SetPriority
                0x0000000008001cca       0x38 HAL_Driver/Src/stm32f1xx_hal_cortex.o
                0x0000000008001cca                HAL_NVIC_SetPriority
 .text.HAL_SYSTICK_Config
                0x0000000008001d02       0x18 HAL_Driver/Src/stm32f1xx_hal_cortex.o
                0x0000000008001d02                HAL_SYSTICK_Config
 .text.HAL_SYSTICK_IRQHandler
                0x0000000008001d1a        0xc HAL_Driver/Src/stm32f1xx_hal_cortex.o
                0x0000000008001d1a                HAL_SYSTICK_IRQHandler
 .text.HAL_SYSTICK_Callback
                0x0000000008001d26        0xc HAL_Driver/Src/stm32f1xx_hal_cortex.o
                0x0000000008001d26                HAL_SYSTICK_Callback
 *fill*         0x0000000008001d32        0x2 
 .text.HAL_DMA_Init
                0x0000000008001d34       0xb4 HAL_Driver/Src/stm32f1xx_hal_dma.o
                0x0000000008001d34                HAL_DMA_Init
 .text.HAL_DMA_Start_IT
                0x0000000008001de8       0xbe HAL_Driver/Src/stm32f1xx_hal_dma.o
                0x0000000008001de8                HAL_DMA_Start_IT
 .text.DMA_SetConfig
                0x0000000008001ea6       0x5a HAL_Driver/Src/stm32f1xx_hal_dma.o
 .text.HAL_GPIO_Init
                0x0000000008001f00      0x2bc HAL_Driver/Src/stm32f1xx_hal_gpio.o
                0x0000000008001f00                HAL_GPIO_Init
 .text.HAL_GPIO_WritePin
                0x00000000080021bc       0x30 HAL_Driver/Src/stm32f1xx_hal_gpio.o
                0x00000000080021bc                HAL_GPIO_WritePin
 .text.HAL_MspInit
                0x00000000080021ec        0xc HAL_Driver/Src/stm32f1xx_hal_msp_template.o
                0x00000000080021ec                HAL_MspInit
 .text.HAL_RCC_GetSysClockFreq
                0x00000000080021f8       0xc4 HAL_Driver/Src/stm32f1xx_hal_rcc.o
                0x00000000080021f8                HAL_RCC_GetSysClockFreq
 .text.HAL_RCCEx_PeriphCLKConfig
                0x00000000080022bc      0x16c HAL_Driver/Src/stm32f1xx_hal_rcc_ex.o
                0x00000000080022bc                HAL_RCCEx_PeriphCLKConfig
 .text.HAL_TIM_PWM_Init
                0x0000000008002428       0x56 HAL_Driver/Src/stm32f1xx_hal_tim.o
                0x0000000008002428                HAL_TIM_PWM_Init
 .text.HAL_TIM_PWM_MspInit
                0x000000000800247e       0x12 HAL_Driver/Src/stm32f1xx_hal_tim.o
                0x000000000800247e                HAL_TIM_PWM_MspInit
 .text.HAL_TIM_PWM_Start
                0x0000000008002490       0x50 HAL_Driver/Src/stm32f1xx_hal_tim.o
                0x0000000008002490                HAL_TIM_PWM_Start
 .text.HAL_TIM_PWM_ConfigChannel
                0x00000000080024e0      0x18c HAL_Driver/Src/stm32f1xx_hal_tim.o
                0x00000000080024e0                HAL_TIM_PWM_ConfigChannel
 .text.TIM_Base_SetConfig
                0x000000000800266c       0xcc HAL_Driver/Src/stm32f1xx_hal_tim.o
                0x000000000800266c                TIM_Base_SetConfig
 .text.TIM_OC1_SetConfig
                0x0000000008002738       0xd8 HAL_Driver/Src/stm32f1xx_hal_tim.o
 .text.TIM_OC2_SetConfig
                0x0000000008002810       0xe0 HAL_Driver/Src/stm32f1xx_hal_tim.o
                0x0000000008002810                TIM_OC2_SetConfig
 .text.TIM_OC3_SetConfig
                0x00000000080028f0       0xe0 HAL_Driver/Src/stm32f1xx_hal_tim.o
 .text.TIM_OC4_SetConfig
                0x00000000080029d0       0xa8 HAL_Driver/Src/stm32f1xx_hal_tim.o
 .text.TIM_CCxChannelCmd
                0x0000000008002a78       0x44 HAL_Driver/Src/stm32f1xx_hal_tim.o
                0x0000000008002a78                TIM_CCxChannelCmd
 .text.is_diagnostics_enabled
                0x0000000008002abc       0x14 Source/ApplicationLayer/Diagnostics.o
                0x0000000008002abc                is_diagnostics_enabled
 .text.motor_init
                0x0000000008002ad0       0x2c Source/ApplicationLayer/Motor.o
                0x0000000008002ad0                motor_init
 .text.rotate_motor
                0x0000000008002afc       0x42 Source/ApplicationLayer/Motor.o
                0x0000000008002afc                rotate_motor
 .text.set_speed
                0x0000000008002b3e       0x1c Source/ApplicationLayer/Motor.o
 *fill*         0x0000000008002b5a        0x2 
 .text.set_direction
                0x0000000008002b5c       0x38 Source/ApplicationLayer/Motor.o
 .text.calc_pid_output
                0x0000000008002b94      0x11c Source/ApplicationLayer/PID.o
                0x0000000008002b94                calc_pid_output
 .text.setpoint_init
                0x0000000008002cb0       0x20 Source/ApplicationLayer/Setpoint.o
                0x0000000008002cb0                setpoint_init
 .text.get_setpoint
                0x0000000008002cd0       0x40 Source/ApplicationLayer/Setpoint.o
                0x0000000008002cd0                get_setpoint
 .text.ADC_init
                0x0000000008002d10       0x84 Source/HardwareLayer/ADC_DMA.o
                0x0000000008002d10                ADC_init
 .text.ADC_channel_config
                0x0000000008002d94       0x34 Source/HardwareLayer/ADC_DMA.o
                0x0000000008002d94                ADC_channel_config
 .text.channel_pin_config
                0x0000000008002dc8       0xc4 Source/HardwareLayer/ADC_DMA.o
 .text.DMA_init
                0x0000000008002e8c       0x94 Source/HardwareLayer/ADC_DMA.o
                0x0000000008002e8c                DMA_init
 .text.digital_output_init
                0x0000000008002f20       0x32 Source/HardwareLayer/DigitalOutput.o
                0x0000000008002f20                digital_output_init
 .text.pin_set  0x0000000008002f52       0x22 Source/HardwareLayer/DigitalOutput.o
                0x0000000008002f52                pin_set
 .text.pin_reset
                0x0000000008002f74       0x22 Source/HardwareLayer/DigitalOutput.o
                0x0000000008002f74                pin_reset
 *fill*         0x0000000008002f96        0x2 
 .text.PWM_init
                0x0000000008002f98       0x60 Source/HardwareLayer/PWM.o
                0x0000000008002f98                PWM_init
 .text.CLK_init
                0x0000000008002ff8       0x84 Source/HardwareLayer/PWM.o
 .text.PWM_add_channel
                0x000000000800307c       0x54 Source/HardwareLayer/PWM.o
                0x000000000800307c                PWM_add_channel
 .text.channel_pin_config
                0x00000000080030d0       0xc0 Source/HardwareLayer/PWM.o
 .text.get_channel_pin
                0x0000000008003190      0x160 Source/HardwareLayer/PWM.o
 .text.PWM_set_duty
                0x00000000080032f0       0x3c Source/HardwareLayer/PWM.o
                0x00000000080032f0                PWM_set_duty
 .text.get_current_time_ms
                0x000000000800332c       0x1c Source/HardwareLayer/Timer.o
                0x000000000800332c                get_current_time_ms
 .text.main     0x0000000008003348       0x50 Source/main.o
                0x0000000008003348                main
 .text.setup_hardware
                0x0000000008003398       0x1c Source/main.o
 .text.vTaskPID
                0x00000000080033b4       0x18 Source/main.o
 .text.vTaskDiag
                0x00000000080033cc       0x24 Source/main.o
 .text.PID_routine
                0x00000000080033f0       0x74 Source/main.o
 .text.send_state
                0x0000000008003464       0x50 Source/main.o
 .text.SysTick_Handler
                0x00000000080034b4       0x14 Source/stm32f1xx_it.o
                0x00000000080034b4                SysTick_Handler
 .text.SystemInit
                0x00000000080034c8       0x68 Source/system_stm32f1xx.o
                0x00000000080034c8                SystemInit
 .text.Reset_Handler
                0x0000000008003530       0x50 startup/startup_stm32.o
                0x0000000008003530                Reset_Handler
 .text.Default_Handler
                0x0000000008003580        0x2 startup/startup_stm32.o
                0x0000000008003580                EXTI2_IRQHandler
                0x0000000008003580                TIM8_TRG_COM_IRQHandler
                0x0000000008003580                TIM8_CC_IRQHandler
                0x0000000008003580                DebugMon_Handler
                0x0000000008003580                TIM1_CC_IRQHandler
                0x0000000008003580                HardFault_Handler
                0x0000000008003580                TIM6_IRQHandler
                0x0000000008003580                PVD_IRQHandler
                0x0000000008003580                SDIO_IRQHandler
                0x0000000008003580                NMI_Handler
                0x0000000008003580                EXTI3_IRQHandler
                0x0000000008003580                USB_HP_CAN_TX_IRQHandler
                0x0000000008003580                EXTI0_IRQHandler
                0x0000000008003580                I2C2_EV_IRQHandler
                0x0000000008003580                UsageFault_Handler
                0x0000000008003580                ADC1_2_IRQHandler
                0x0000000008003580                SPI1_IRQHandler
                0x0000000008003580                CAN_SCE_IRQHandler
                0x0000000008003580                TAMPER_IRQHandler
                0x0000000008003580                TIM8_UP_IRQHandler
                0x0000000008003580                DMA2_Channel2_IRQHandler
                0x0000000008003580                DMA1_Channel4_IRQHandler
                0x0000000008003580                USART3_IRQHandler
                0x0000000008003580                RTC_IRQHandler
                0x0000000008003580                DMA1_Channel7_IRQHandler
                0x0000000008003580                UART5_IRQHandler
                0x0000000008003580                ADC3_IRQHandler
                0x0000000008003580                TIM4_IRQHandler
                0x0000000008003580                CAN_RX1_IRQHandler
                0x0000000008003580                DMA2_Channel1_IRQHandler
                0x0000000008003580                I2C1_EV_IRQHandler
                0x0000000008003580                DMA1_Channel6_IRQHandler
                0x0000000008003580                UART4_IRQHandler
                0x0000000008003580                TIM3_IRQHandler
                0x0000000008003580                RCC_IRQHandler
                0x0000000008003580                TIM1_TRG_COM_IRQHandler
                0x0000000008003580                DMA1_Channel1_IRQHandler
                0x0000000008003580                Default_Handler
                0x0000000008003580                EXTI15_10_IRQHandler
                0x0000000008003580                TIM7_IRQHandler
                0x0000000008003580                TIM5_IRQHandler
                0x0000000008003580                EXTI9_5_IRQHandler
                0x0000000008003580                SPI2_IRQHandler
                0x0000000008003580                USB_LP_CAN_RX0_IRQHandler
                0x0000000008003580                MemManage_Handler
                0x0000000008003580                DMA1_Channel5_IRQHandler
                0x0000000008003580                EXTI4_IRQHandler
                0x0000000008003580                DMA1_Channel3_IRQHandler
                0x0000000008003580                FSMC_IRQHandler
                0x0000000008003580                TIM1_UP_IRQHandler
                0x0000000008003580                WWDG_IRQHandler
                0x0000000008003580                TIM2_IRQHandler
                0x0000000008003580                TIM1_BRK_IRQHandler
                0x0000000008003580                EXTI1_IRQHandler
                0x0000000008003580                RTCAlarm_IRQHandler
                0x0000000008003580                DMA2_Channel4_5_IRQHandler
                0x0000000008003580                USART2_IRQHandler
                0x0000000008003580                I2C2_ER_IRQHandler
                0x0000000008003580                DMA1_Channel2_IRQHandler
                0x0000000008003580                TIM8_BRK_IRQHandler
                0x0000000008003580                FLASH_IRQHandler
                0x0000000008003580                BusFault_Handler
                0x0000000008003580                USART1_IRQHandler
                0x0000000008003580                SPI3_IRQHandler
                0x0000000008003580                I2C1_ER_IRQHandler
                0x0000000008003580                DMA2_Channel3_IRQHandler
 *fill*         0x0000000008003582        0x2 
 .text.__libc_init_array
                0x0000000008003584       0x48 /home/marek/Ac6/SystemWorkbench/plugins/fr.ac6.mcu.externaltools.arm-none.linux64_1.17.0.201812190825/tools/compiler/bin/../lib/gcc/arm-none-eabi/7.3.1/../../../../arm-none-eabi/lib/thumb/v7-m/libc.a(lib_a-init.o)
                0x0000000008003584                __libc_init_array
 .text.memset   0x00000000080035cc       0x94 /home/marek/Ac6/SystemWorkbench/plugins/fr.ac6.mcu.externaltools.arm-none.linux64_1.17.0.201812190825/tools/compiler/bin/../lib/gcc/arm-none-eabi/7.3.1/../../../../arm-none-eabi/lib/thumb/v7-m/libc.a(lib_a-memset.o)
                0x00000000080035cc                memset
 .text.startup.register_fini
                0x0000000008003660       0x14 /home/marek/Ac6/SystemWorkbench/plugins/fr.ac6.mcu.externaltools.arm-none.linux64_1.17.0.201812190825/tools/compiler/bin/../lib/gcc/arm-none-eabi/7.3.1/../../../../arm-none-eabi/lib/thumb/v7-m/libc.a(lib_a-__call_atexit.o)
 .text.atexit   0x0000000008003674        0xc /home/marek/Ac6/SystemWorkbench/plugins/fr.ac6.mcu.externaltools.arm-none.linux64_1.17.0.201812190825/tools/compiler/bin/../lib/gcc/arm-none-eabi/7.3.1/../../../../arm-none-eabi/lib/thumb/v7-m/libc.a(lib_a-atexit.o)
                0x0000000008003674                atexit
 .text.__libc_fini_array
                0x0000000008003680       0x34 /home/marek/Ac6/SystemWorkbench/plugins/fr.ac6.mcu.externaltools.arm-none.linux64_1.17.0.201812190825/tools/compiler/bin/../lib/gcc/arm-none-eabi/7.3.1/../../../../arm-none-eabi/lib/thumb/v7-m/libc.a(lib_a-fini.o)
                0x0000000008003680                __libc_fini_array
 .text.__retarget_lock_acquire_recursive
                0x00000000080036b4        0x4 /home/marek/Ac6/SystemWorkbench/plugins/fr.ac6.mcu.externaltools.arm-none.linux64_1.17.0.201812190825/tools/compiler/bin/../lib/gcc/arm-none-eabi/7.3.1/../../../../arm-none-eabi/lib/thumb/v7-m/libc.a(lib_a-lock.o)
                0x00000000080036b4                __retarget_lock_acquire_recursive
 .text.__retarget_lock_release_recursive
                0x00000000080036b8        0x4 /home/marek/Ac6/SystemWorkbench/plugins/fr.ac6.mcu.externaltools.arm-none.linux64_1.17.0.201812190825/tools/compiler/bin/../lib/gcc/arm-none-eabi/7.3.1/../../../../arm-none-eabi/lib/thumb/v7-m/libc.a(lib_a-lock.o)
                0x00000000080036b8                __retarget_lock_release_recursive
 .text.__register_exitproc
                0x00000000080036bc       0xc0 /home/marek/Ac6/SystemWorkbench/plugins/fr.ac6.mcu.externaltools.arm-none.linux64_1.17.0.201812190825/tools/compiler/bin/../lib/gcc/arm-none-eabi/7.3.1/../../../../arm-none-eabi/lib/thumb/v7-m/libc.a(lib_a-__atexit.o)
                0x00000000080036bc                __register_exitproc
 *(.glue_7)
 .glue_7        0x000000000800377c        0x0 linker stubs
 *(.glue_7t)
 .glue_7t       0x000000000800377c        0x0 linker stubs
 *(.eh_frame)
 .eh_frame      0x000000000800377c        0x0 /home/marek/Ac6/SystemWorkbench/plugins/fr.ac6.mcu.externaltools.arm-none.linux64_1.17.0.201812190825/tools/compiler/bin/../lib/gcc/arm-none-eabi/7.3.1/thumb/v7-m/crtbegin.o
 *(.init)
 .init          0x000000000800377c        0x4 /home/marek/Ac6/SystemWorkbench/plugins/fr.ac6.mcu.externaltools.arm-none.linux64_1.17.0.201812190825/tools/compiler/bin/../lib/gcc/arm-none-eabi/7.3.1/thumb/v7-m/crti.o
                0x000000000800377c                _init
 .init          0x0000000008003780        0x8 /home/marek/Ac6/SystemWorkbench/plugins/fr.ac6.mcu.externaltools.arm-none.linux64_1.17.0.201812190825/tools/compiler/bin/../lib/gcc/arm-none-eabi/7.3.1/thumb/v7-m/crtn.o
 *(.fini)
 .fini          0x0000000008003788        0x4 /home/marek/Ac6/SystemWorkbench/plugins/fr.ac6.mcu.externaltools.arm-none.linux64_1.17.0.201812190825/tools/compiler/bin/../lib/gcc/arm-none-eabi/7.3.1/thumb/v7-m/crti.o
                0x0000000008003788                _fini
 .fini          0x000000000800378c        0x8 /home/marek/Ac6/SystemWorkbench/plugins/fr.ac6.mcu.externaltools.arm-none.linux64_1.17.0.201812190825/tools/compiler/bin/../lib/gcc/arm-none-eabi/7.3.1/thumb/v7-m/crtn.o
                0x0000000008003794                . = ALIGN (0x4)
                0x0000000008003794                _etext = .

.vfp11_veneer   0x0000000008003794        0x0
 .vfp11_veneer  0x0000000008003794        0x0 linker stubs

.v4_bx          0x0000000008003794        0x0
 .v4_bx         0x0000000008003794        0x0 linker stubs

.iplt           0x0000000008003794        0x0
 .iplt          0x0000000008003794        0x0 /home/marek/Ac6/SystemWorkbench/plugins/fr.ac6.mcu.externaltools.arm-none.linux64_1.17.0.201812190825/tools/compiler/bin/../lib/gcc/arm-none-eabi/7.3.1/thumb/v7-m/crtbegin.o

.rodata         0x0000000008003794       0x88
                0x0000000008003794                . = ALIGN (0x4)
 *(.rodata)
 .rodata        0x0000000008003794        0x5 FreeRTOS/Source/tasks.o
 *fill*         0x0000000008003799        0x3 
 .rodata        0x000000000800379c       0x12 HAL_Driver/Src/stm32f1xx_hal_rcc.o
 *fill*         0x00000000080037ae        0x2 
 .rodata        0x00000000080037b0       0x20 Source/HardwareLayer/ADC_DMA.o
 .rodata        0x00000000080037d0       0x28 Source/HardwareLayer/PWM.o
 .rodata        0x00000000080037f8       0x20 Source/main.o
 *(.rodata*)
 .rodata._global_impure_ptr
                0x0000000008003818        0x4 /home/marek/Ac6/SystemWorkbench/plugins/fr.ac6.mcu.externaltools.arm-none.linux64_1.17.0.201812190825/tools/compiler/bin/../lib/gcc/arm-none-eabi/7.3.1/../../../../arm-none-eabi/lib/thumb/v7-m/libc.a(lib_a-impure.o)
                0x0000000008003818                _global_impure_ptr
                0x000000000800381c                . = ALIGN (0x4)

.rel.dyn        0x000000000800381c        0x0
 .rel.iplt      0x000000000800381c        0x0 /home/marek/Ac6/SystemWorkbench/plugins/fr.ac6.mcu.externaltools.arm-none.linux64_1.17.0.201812190825/tools/compiler/bin/../lib/gcc/arm-none-eabi/7.3.1/thumb/v7-m/crtbegin.o

.ARM.extab      0x000000000800381c        0x0
                0x000000000800381c                . = ALIGN (0x4)
 *(.ARM.extab* .gnu.linkonce.armextab.*)
                0x000000000800381c                . = ALIGN (0x4)

.ARM            0x000000000800381c        0x0
                0x000000000800381c                . = ALIGN (0x4)
                0x000000000800381c                __exidx_start = .
 *(.ARM.exidx*)
                0x000000000800381c                __exidx_end = .
                0x000000000800381c                . = ALIGN (0x4)

.preinit_array  0x000000000800381c        0x0
                0x000000000800381c                . = ALIGN (0x4)
                0x000000000800381c                PROVIDE (__preinit_array_start = .)
 *(.preinit_array*)
                0x000000000800381c                PROVIDE (__preinit_array_end = .)
                0x000000000800381c                . = ALIGN (0x4)

.init_array     0x000000000800381c        0x8
                0x000000000800381c                . = ALIGN (0x4)
                0x000000000800381c                PROVIDE (__init_array_start = .)
 *(SORT_BY_NAME(.init_array.*))
 .init_array.00000
                0x000000000800381c        0x4 /home/marek/Ac6/SystemWorkbench/plugins/fr.ac6.mcu.externaltools.arm-none.linux64_1.17.0.201812190825/tools/compiler/bin/../lib/gcc/arm-none-eabi/7.3.1/../../../../arm-none-eabi/lib/thumb/v7-m/libc.a(lib_a-__call_atexit.o)
 *(.init_array*)
 .init_array    0x0000000008003820        0x4 /home/marek/Ac6/SystemWorkbench/plugins/fr.ac6.mcu.externaltools.arm-none.linux64_1.17.0.201812190825/tools/compiler/bin/../lib/gcc/arm-none-eabi/7.3.1/thumb/v7-m/crtbegin.o
                0x0000000008003824                PROVIDE (__init_array_end = .)
                0x0000000008003824                . = ALIGN (0x4)

.fini_array     0x0000000008003824        0x4
                0x0000000008003824                . = ALIGN (0x4)
                0x0000000008003824                PROVIDE (__fini_array_start = .)
 *(SORT_BY_NAME(.fini_array.*))
 *(.fini_array*)
 .fini_array    0x0000000008003824        0x4 /home/marek/Ac6/SystemWorkbench/plugins/fr.ac6.mcu.externaltools.arm-none.linux64_1.17.0.201812190825/tools/compiler/bin/../lib/gcc/arm-none-eabi/7.3.1/thumb/v7-m/crtbegin.o
                0x0000000008003828                PROVIDE (__fini_array_end = .)
                0x0000000008003828                . = ALIGN (0x4)
                0x0000000008003828                _sidata = LOADADDR (.data)

.data           0x0000000020000000      0x44c load address 0x0000000008003828
                0x0000000020000000                . = ALIGN (0x4)
                0x0000000020000000                _sdata = .
 *(.data)
 .data          0x0000000020000000        0x4 FreeRTOS/Source/portable/GCC/ARM_CM3/port.o
 .data          0x0000000020000004        0x5 HAL_Driver/Src/stm32f1xx_hal.o
                0x0000000020000004                uwTickPrio
                0x0000000020000008                uwTickFreq
 *fill*         0x0000000020000009        0x3 
 .data          0x000000002000000c        0x8 Source/ApplicationLayer/Motor.o
                0x000000002000000c                motor_dir_pin
 .data          0x0000000020000014        0x6 Source/ApplicationLayer/PID.o
                0x0000000020000014                tune
 *fill*         0x000000002000001a        0x2 
 .data          0x000000002000001c        0x4 Source/system_stm32f1xx.o
                0x000000002000001c                SystemCoreClock
 *(.data*)
 .data.impure_data
                0x0000000020000020      0x428 /home/marek/Ac6/SystemWorkbench/plugins/fr.ac6.mcu.externaltools.arm-none.linux64_1.17.0.201812190825/tools/compiler/bin/../lib/gcc/arm-none-eabi/7.3.1/../../../../arm-none-eabi/lib/thumb/v7-m/libc.a(lib_a-impure.o)
 .data.__atexit_recursive_mutex
                0x0000000020000448        0x4 /home/marek/Ac6/SystemWorkbench/plugins/fr.ac6.mcu.externaltools.arm-none.linux64_1.17.0.201812190825/tools/compiler/bin/../lib/gcc/arm-none-eabi/7.3.1/../../../../arm-none-eabi/lib/thumb/v7-m/libc.a(lib_a-__call_atexit.o)
                0x0000000020000448                __atexit_recursive_mutex
                0x000000002000044c                . = ALIGN (0x4)
                0x000000002000044c                _edata = .

.igot.plt       0x000000002000044c        0x0 load address 0x0000000008003c74
 .igot.plt      0x000000002000044c        0x0 /home/marek/Ac6/SystemWorkbench/plugins/fr.ac6.mcu.externaltools.arm-none.linux64_1.17.0.201812190825/tools/compiler/bin/../lib/gcc/arm-none-eabi/7.3.1/thumb/v7-m/crtbegin.o
                0x000000002000044c                . = ALIGN (0x4)

.bss            0x000000002000044c     0x3e5c load address 0x0000000008003c74
                0x000000002000044c                _sbss = .
                0x000000002000044c                __bss_start__ = _sbss
 *(.bss)
 .bss           0x000000002000044c       0x1c /home/marek/Ac6/SystemWorkbench/plugins/fr.ac6.mcu.externaltools.arm-none.linux64_1.17.0.201812190825/tools/compiler/bin/../lib/gcc/arm-none-eabi/7.3.1/thumb/v7-m/crtbegin.o
 .bss           0x0000000020000468      0x12c FreeRTOS/Source/tasks.o
                0x0000000020000468                pxCurrentTCB
 .bss           0x0000000020000594        0x8 FreeRTOS/Source/portable/GCC/ARM_CM3/port.o
 .bss           0x000000002000059c     0x3c18 FreeRTOS/Source/portable/MemMang/heap_4.o
 .bss           0x00000000200041b4        0x1 Source/ApplicationLayer/Diagnostics.o
 *fill*         0x00000000200041b5        0x1 
 .bss           0x00000000200041b6        0x4 Source/ApplicationLayer/PID.o
 .bss           0x00000000200041ba        0x2 Source/ApplicationLayer/Setpoint.o
 .bss           0x00000000200041bc        0xc Source/ApplicationLayer/State.o
                0x00000000200041bc                state
 .bss           0x00000000200041c8       0x74 Source/HardwareLayer/ADC_DMA.o
 .bss           0x000000002000423c        0x2 Source/HardwareLayer/Timer.o
 *(.bss*)
 *(COMMON)
 *fill*         0x000000002000423e        0x2 
 COMMON         0x0000000020004240        0x4 HAL_Driver/Src/stm32f1xx_hal.o
                0x0000000020004240                uwTick
 COMMON         0x0000000020004244       0x40 Source/HardwareLayer/PWM.o
                0x0000000020004244                htim
 COMMON         0x0000000020004284       0x21 /home/marek/Ac6/SystemWorkbench/plugins/fr.ac6.mcu.externaltools.arm-none.linux64_1.17.0.201812190825/tools/compiler/bin/../lib/gcc/arm-none-eabi/7.3.1/../../../../arm-none-eabi/lib/thumb/v7-m/libc.a(lib_a-lock.o)
                0x0000000020004284                __lock___atexit_recursive_mutex
                0x0000000020004288                __lock___arc4random_mutex
                0x000000002000428c                __lock___env_recursive_mutex
                0x0000000020004290                __lock___sinit_recursive_mutex
                0x0000000020004294                __lock___malloc_recursive_mutex
                0x0000000020004298                __lock___at_quick_exit_mutex
                0x000000002000429c                __lock___dd_hash_mutex
                0x00000000200042a0                __lock___tz_mutex
                0x00000000200042a4                __lock___sfp_recursive_mutex
                0x00000000200042a8                . = ALIGN (0x4)
 *fill*         0x00000000200042a5        0x3 
                0x00000000200042a8                _ebss = .
                0x00000000200042a8                __bss_end__ = _ebss

._user_heap_stack
                0x00000000200042a8      0x400 load address 0x0000000008003c74
                0x00000000200042a8                . = ALIGN (0x8)
                0x00000000200042a8                PROVIDE (end = .)
                [!provide]                        PROVIDE (_end = .)
                0x00000000200042a8                . = (. + _Min_Heap_Size)
                0x00000000200046a8                . = (. + _Min_Stack_Size)
 *fill*         0x00000000200042a8      0x400 
                0x00000000200046a8                . = ALIGN (0x8)

/DISCARD/
 libc.a(*)
 libm.a(*)
 libgcc.a(*)

.ARM.attributes
                0x0000000000000000       0x29
 *(.ARM.attributes)
 .ARM.attributes
                0x0000000000000000       0x1d /home/marek/Ac6/SystemWorkbench/plugins/fr.ac6.mcu.externaltools.arm-none.linux64_1.17.0.201812190825/tools/compiler/bin/../lib/gcc/arm-none-eabi/7.3.1/thumb/v7-m/crti.o
 .ARM.attributes
                0x000000000000001d       0x2d /home/marek/Ac6/SystemWorkbench/plugins/fr.ac6.mcu.externaltools.arm-none.linux64_1.17.0.201812190825/tools/compiler/bin/../lib/gcc/arm-none-eabi/7.3.1/thumb/v7-m/crtbegin.o
 .ARM.attributes
                0x000000000000004a       0x33 FreeRTOS/Source/CMSIS_RTOS/cmsis_os.o
 .ARM.attributes
                0x000000000000007d       0x33 FreeRTOS/Source/list.o
 .ARM.attributes
                0x00000000000000b0       0x33 FreeRTOS/Source/tasks.o
 .ARM.attributes
                0x00000000000000e3       0x33 FreeRTOS/Source/portable/GCC/ARM_CM3/port.o
 .ARM.attributes
                0x0000000000000116       0x33 FreeRTOS/Source/portable/MemMang/heap_4.o
 .ARM.attributes
                0x0000000000000149       0x33 HAL_Driver/Src/stm32f1xx_hal.o
 .ARM.attributes
                0x000000000000017c       0x33 HAL_Driver/Src/stm32f1xx_hal_adc.o
 .ARM.attributes
                0x00000000000001af       0x33 HAL_Driver/Src/stm32f1xx_hal_cortex.o
 .ARM.attributes
                0x00000000000001e2       0x33 HAL_Driver/Src/stm32f1xx_hal_dma.o
 .ARM.attributes
                0x0000000000000215       0x33 HAL_Driver/Src/stm32f1xx_hal_gpio.o
 .ARM.attributes
                0x0000000000000248       0x33 HAL_Driver/Src/stm32f1xx_hal_msp_template.o
 .ARM.attributes
                0x000000000000027b       0x33 HAL_Driver/Src/stm32f1xx_hal_rcc.o
 .ARM.attributes
                0x00000000000002ae       0x33 HAL_Driver/Src/stm32f1xx_hal_rcc_ex.o
 .ARM.attributes
                0x00000000000002e1       0x33 HAL_Driver/Src/stm32f1xx_hal_tim.o
 .ARM.attributes
                0x0000000000000314       0x33 Source/ApplicationLayer/Diagnostics.o
 .ARM.attributes
                0x0000000000000347       0x33 Source/ApplicationLayer/Motor.o
 .ARM.attributes
                0x000000000000037a       0x33 Source/ApplicationLayer/PID.o
 .ARM.attributes
                0x00000000000003ad       0x33 Source/ApplicationLayer/Setpoint.o
 .ARM.attributes
                0x00000000000003e0       0x33 Source/ApplicationLayer/State.o
 .ARM.attributes
                0x0000000000000413       0x33 Source/HardwareLayer/ADC_DMA.o
 .ARM.attributes
                0x0000000000000446       0x33 Source/HardwareLayer/DigitalOutput.o
 .ARM.attributes
                0x0000000000000479       0x33 Source/HardwareLayer/PWM.o
 .ARM.attributes
                0x00000000000004ac       0x33 Source/HardwareLayer/Timer.o
 .ARM.attributes
                0x00000000000004df       0x33 Source/main.o
 .ARM.attributes
                0x0000000000000512       0x33 Source/stm32f1xx_it.o
 .ARM.attributes
                0x0000000000000545       0x33 Source/system_stm32f1xx.o
 .ARM.attributes
                0x0000000000000578       0x21 startup/startup_stm32.o
 .ARM.attributes
                0x0000000000000599       0x2d /home/marek/Ac6/SystemWorkbench/plugins/fr.ac6.mcu.externaltools.arm-none.linux64_1.17.0.201812190825/tools/compiler/bin/../lib/gcc/arm-none-eabi/7.3.1/../../../../arm-none-eabi/lib/thumb/v7-m/libc.a(lib_a-impure.o)
 .ARM.attributes
                0x00000000000005c6       0x2d /home/marek/Ac6/SystemWorkbench/plugins/fr.ac6.mcu.externaltools.arm-none.linux64_1.17.0.201812190825/tools/compiler/bin/../lib/gcc/arm-none-eabi/7.3.1/../../../../arm-none-eabi/lib/thumb/v7-m/libc.a(lib_a-init.o)
 .ARM.attributes
                0x00000000000005f3       0x2d /home/marek/Ac6/SystemWorkbench/plugins/fr.ac6.mcu.externaltools.arm-none.linux64_1.17.0.201812190825/tools/compiler/bin/../lib/gcc/arm-none-eabi/7.3.1/../../../../arm-none-eabi/lib/thumb/v7-m/libc.a(lib_a-memset.o)
 .ARM.attributes
                0x0000000000000620       0x2d /home/marek/Ac6/SystemWorkbench/plugins/fr.ac6.mcu.externaltools.arm-none.linux64_1.17.0.201812190825/tools/compiler/bin/../lib/gcc/arm-none-eabi/7.3.1/../../../../arm-none-eabi/lib/thumb/v7-m/libc.a(lib_a-__call_atexit.o)
 .ARM.attributes
                0x000000000000064d       0x2d /home/marek/Ac6/SystemWorkbench/plugins/fr.ac6.mcu.externaltools.arm-none.linux64_1.17.0.201812190825/tools/compiler/bin/../lib/gcc/arm-none-eabi/7.3.1/../../../../arm-none-eabi/lib/thumb/v7-m/libc.a(lib_a-atexit.o)
 .ARM.attributes
                0x000000000000067a       0x2d /home/marek/Ac6/SystemWorkbench/plugins/fr.ac6.mcu.externaltools.arm-none.linux64_1.17.0.201812190825/tools/compiler/bin/../lib/gcc/arm-none-eabi/7.3.1/../../../../arm-none-eabi/lib/thumb/v7-m/libc.a(lib_a-fini.o)
 .ARM.attributes
                0x00000000000006a7       0x2d /home/marek/Ac6/SystemWorkbench/plugins/fr.ac6.mcu.externaltools.arm-none.linux64_1.17.0.201812190825/tools/compiler/bin/../lib/gcc/arm-none-eabi/7.3.1/../../../../arm-none-eabi/lib/thumb/v7-m/libc.a(lib_a-lock.o)
 .ARM.attributes
                0x00000000000006d4       0x2d /home/marek/Ac6/SystemWorkbench/plugins/fr.ac6.mcu.externaltools.arm-none.linux64_1.17.0.201812190825/tools/compiler/bin/../lib/gcc/arm-none-eabi/7.3.1/../../../../arm-none-eabi/lib/thumb/v7-m/libc.a(lib_a-__atexit.o)
 .ARM.attributes
                0x0000000000000701       0x1d /home/marek/Ac6/SystemWorkbench/plugins/fr.ac6.mcu.externaltools.arm-none.linux64_1.17.0.201812190825/tools/compiler/bin/../lib/gcc/arm-none-eabi/7.3.1/thumb/v7-m/crtn.o
OUTPUT(PID_App_RTOS.elf elf32-littlearm)

.debug_info     0x0000000000000000    0x17899
 .debug_info    0x0000000000000000     0x1b20 FreeRTOS/Source/CMSIS_RTOS/cmsis_os.o
 .debug_info    0x0000000000001b20      0xad0 FreeRTOS/Source/list.o
 .debug_info    0x00000000000025f0     0x247b FreeRTOS/Source/tasks.o
 .debug_info    0x0000000000004a6b      0x4a4 FreeRTOS/Source/portable/GCC/ARM_CM3/port.o
 .debug_info    0x0000000000004f0f      0xbfa FreeRTOS/Source/portable/MemMang/heap_4.o
 .debug_info    0x0000000000005b09      0xf0a HAL_Driver/Src/stm32f1xx_hal.o
 .debug_info    0x0000000000006a13     0x1472 HAL_Driver/Src/stm32f1xx_hal_adc.o
 .debug_info    0x0000000000007e85     0x1358 HAL_Driver/Src/stm32f1xx_hal_cortex.o
 .debug_info    0x00000000000091dd      0xfc6 HAL_Driver/Src/stm32f1xx_hal_dma.o
 .debug_info    0x000000000000a1a3      0xebd HAL_Driver/Src/stm32f1xx_hal_gpio.o
 .debug_info    0x000000000000b060      0x9c7 HAL_Driver/Src/stm32f1xx_hal_msp_template.o
 .debug_info    0x000000000000ba27     0x1039 HAL_Driver/Src/stm32f1xx_hal_rcc.o
 .debug_info    0x000000000000ca60      0xc5b HAL_Driver/Src/stm32f1xx_hal_rcc_ex.o
 .debug_info    0x000000000000d6bb     0x2a25 HAL_Driver/Src/stm32f1xx_hal_tim.o
 .debug_info    0x00000000000100e0       0x9d Source/ApplicationLayer/Diagnostics.o
 .debug_info    0x000000000001017d      0xc2e Source/ApplicationLayer/Motor.o
 .debug_info    0x0000000000010dab      0x20b Source/ApplicationLayer/PID.o
 .debug_info    0x0000000000010fb6      0x9f9 Source/ApplicationLayer/Setpoint.o
 .debug_info    0x00000000000119af      0x108 Source/ApplicationLayer/State.o
 .debug_info    0x0000000000011ab7     0x10ec Source/HardwareLayer/ADC_DMA.o
 .debug_info    0x0000000000012ba3      0xaff Source/HardwareLayer/DigitalOutput.o
 .debug_info    0x00000000000136a2     0x124e Source/HardwareLayer/PWM.o
 .debug_info    0x00000000000148f0      0xea5 Source/HardwareLayer/Timer.o
 .debug_info    0x0000000000015795      0xaf5 Source/main.o
 .debug_info    0x000000000001628a      0x994 Source/stm32f1xx_it.o
 .debug_info    0x0000000000016c1e      0xc59 Source/system_stm32f1xx.o
 .debug_info    0x0000000000017877       0x22 startup/startup_stm32.o

.debug_abbrev   0x0000000000000000     0x3c3a
 .debug_abbrev  0x0000000000000000      0x3a8 FreeRTOS/Source/CMSIS_RTOS/cmsis_os.o
 .debug_abbrev  0x00000000000003a8      0x1fe FreeRTOS/Source/list.o
 .debug_abbrev  0x00000000000005a6      0x3a6 FreeRTOS/Source/tasks.o
 .debug_abbrev  0x000000000000094c      0x205 FreeRTOS/Source/portable/GCC/ARM_CM3/port.o
 .debug_abbrev  0x0000000000000b51      0x2d4 FreeRTOS/Source/portable/MemMang/heap_4.o
 .debug_abbrev  0x0000000000000e25      0x2f5 HAL_Driver/Src/stm32f1xx_hal.o
 .debug_abbrev  0x000000000000111a      0x26f HAL_Driver/Src/stm32f1xx_hal_adc.o
 .debug_abbrev  0x0000000000001389      0x396 HAL_Driver/Src/stm32f1xx_hal_cortex.o
 .debug_abbrev  0x000000000000171f      0x2a7 HAL_Driver/Src/stm32f1xx_hal_dma.o
 .debug_abbrev  0x00000000000019c6      0x289 HAL_Driver/Src/stm32f1xx_hal_gpio.o
 .debug_abbrev  0x0000000000001c4f      0x1cb HAL_Driver/Src/stm32f1xx_hal_msp_template.o
 .debug_abbrev  0x0000000000001e1a      0x323 HAL_Driver/Src/stm32f1xx_hal_rcc.o
 .debug_abbrev  0x000000000000213d      0x260 HAL_Driver/Src/stm32f1xx_hal_rcc_ex.o
 .debug_abbrev  0x000000000000239d      0x2ea HAL_Driver/Src/stm32f1xx_hal_tim.o
 .debug_abbrev  0x0000000000002687       0x56 Source/ApplicationLayer/Diagnostics.o
 .debug_abbrev  0x00000000000026dd      0x244 Source/ApplicationLayer/Motor.o
 .debug_abbrev  0x0000000000002921       0xd3 Source/ApplicationLayer/PID.o
 .debug_abbrev  0x00000000000029f4      0x1f6 Source/ApplicationLayer/Setpoint.o
 .debug_abbrev  0x0000000000002bea       0x70 Source/ApplicationLayer/State.o
 .debug_abbrev  0x0000000000002c5a      0x24d Source/HardwareLayer/ADC_DMA.o
 .debug_abbrev  0x0000000000002ea7      0x212 Source/HardwareLayer/DigitalOutput.o
 .debug_abbrev  0x00000000000030b9      0x2bb Source/HardwareLayer/PWM.o
 .debug_abbrev  0x0000000000003374      0x281 Source/HardwareLayer/Timer.o
 .debug_abbrev  0x00000000000035f5      0x240 Source/main.o
 .debug_abbrev  0x0000000000003835      0x1cb Source/stm32f1xx_it.o
 .debug_abbrev  0x0000000000003a00      0x228 Source/system_stm32f1xx.o
 .debug_abbrev  0x0000000000003c28       0x12 startup/startup_stm32.o

.debug_aranges  0x0000000000000000      0xf08
 .debug_aranges
                0x0000000000000000      0x1d8 FreeRTOS/Source/CMSIS_RTOS/cmsis_os.o
 .debug_aranges
                0x00000000000001d8       0x40 FreeRTOS/Source/list.o
 .debug_aranges
                0x0000000000000218      0x1c8 FreeRTOS/Source/tasks.o
 .debug_aranges
                0x00000000000003e0       0x78 FreeRTOS/Source/portable/GCC/ARM_CM3/port.o
 .debug_aranges
                0x0000000000000458       0x50 FreeRTOS/Source/portable/MemMang/heap_4.o
 .debug_aranges
                0x00000000000004a8       0xd0 HAL_Driver/Src/stm32f1xx_hal.o
 .debug_aranges
                0x0000000000000578       0xf0 HAL_Driver/Src/stm32f1xx_hal_adc.o
 .debug_aranges
                0x0000000000000668      0x100 HAL_Driver/Src/stm32f1xx_hal_cortex.o
 .debug_aranges
                0x0000000000000768       0x80 HAL_Driver/Src/stm32f1xx_hal_dma.o
 .debug_aranges
                0x00000000000007e8       0x58 HAL_Driver/Src/stm32f1xx_hal_gpio.o
 .debug_aranges
                0x0000000000000840       0x38 HAL_Driver/Src/stm32f1xx_hal_msp_template.o
 .debug_aranges
                0x0000000000000878       0x90 HAL_Driver/Src/stm32f1xx_hal_rcc.o
 .debug_aranges
                0x0000000000000908       0x30 HAL_Driver/Src/stm32f1xx_hal_rcc_ex.o
 .debug_aranges
                0x0000000000000938      0x368 HAL_Driver/Src/stm32f1xx_hal_tim.o
 .debug_aranges
                0x0000000000000ca0       0x20 Source/ApplicationLayer/Diagnostics.o
 .debug_aranges
                0x0000000000000cc0       0x38 Source/ApplicationLayer/Motor.o
 .debug_aranges
                0x0000000000000cf8       0x30 Source/ApplicationLayer/PID.o
 .debug_aranges
                0x0000000000000d28       0x28 Source/ApplicationLayer/Setpoint.o
 .debug_aranges
                0x0000000000000d50       0x18 Source/ApplicationLayer/State.o
 .debug_aranges
                0x0000000000000d68       0x38 Source/HardwareLayer/ADC_DMA.o
 .debug_aranges
                0x0000000000000da0       0x30 Source/HardwareLayer/DigitalOutput.o
 .debug_aranges
                0x0000000000000dd0       0x48 Source/HardwareLayer/PWM.o
 .debug_aranges
                0x0000000000000e18       0x38 Source/HardwareLayer/Timer.o
 .debug_aranges
                0x0000000000000e50       0x48 Source/main.o
 .debug_aranges
                0x0000000000000e98       0x20 Source/stm32f1xx_it.o
 .debug_aranges
                0x0000000000000eb8       0x28 Source/system_stm32f1xx.o
 .debug_aranges
                0x0000000000000ee0       0x28 startup/startup_stm32.o

.debug_ranges   0x0000000000000000      0xd58
 .debug_ranges  0x0000000000000000      0x1c8 FreeRTOS/Source/CMSIS_RTOS/cmsis_os.o
 .debug_ranges  0x00000000000001c8       0x30 FreeRTOS/Source/list.o
 .debug_ranges  0x00000000000001f8      0x1b8 FreeRTOS/Source/tasks.o
 .debug_ranges  0x00000000000003b0       0x68 FreeRTOS/Source/portable/GCC/ARM_CM3/port.o
 .debug_ranges  0x0000000000000418       0x40 FreeRTOS/Source/portable/MemMang/heap_4.o
 .debug_ranges  0x0000000000000458       0xc0 HAL_Driver/Src/stm32f1xx_hal.o
 .debug_ranges  0x0000000000000518       0xe0 HAL_Driver/Src/stm32f1xx_hal_adc.o
 .debug_ranges  0x00000000000005f8       0xf0 HAL_Driver/Src/stm32f1xx_hal_cortex.o
 .debug_ranges  0x00000000000006e8       0x70 HAL_Driver/Src/stm32f1xx_hal_dma.o
 .debug_ranges  0x0000000000000758       0x48 HAL_Driver/Src/stm32f1xx_hal_gpio.o
 .debug_ranges  0x00000000000007a0       0x28 HAL_Driver/Src/stm32f1xx_hal_msp_template.o
 .debug_ranges  0x00000000000007c8       0x80 HAL_Driver/Src/stm32f1xx_hal_rcc.o
 .debug_ranges  0x0000000000000848       0x20 HAL_Driver/Src/stm32f1xx_hal_rcc_ex.o
 .debug_ranges  0x0000000000000868      0x358 HAL_Driver/Src/stm32f1xx_hal_tim.o
 .debug_ranges  0x0000000000000bc0       0x10 Source/ApplicationLayer/Diagnostics.o
 .debug_ranges  0x0000000000000bd0       0x28 Source/ApplicationLayer/Motor.o
 .debug_ranges  0x0000000000000bf8       0x20 Source/ApplicationLayer/PID.o
 .debug_ranges  0x0000000000000c18       0x18 Source/ApplicationLayer/Setpoint.o
 .debug_ranges  0x0000000000000c30       0x28 Source/HardwareLayer/ADC_DMA.o
 .debug_ranges  0x0000000000000c58       0x20 Source/HardwareLayer/DigitalOutput.o
 .debug_ranges  0x0000000000000c78       0x38 Source/HardwareLayer/PWM.o
 .debug_ranges  0x0000000000000cb0       0x28 Source/HardwareLayer/Timer.o
 .debug_ranges  0x0000000000000cd8       0x38 Source/main.o
 .debug_ranges  0x0000000000000d10       0x10 Source/stm32f1xx_it.o
 .debug_ranges  0x0000000000000d20       0x18 Source/system_stm32f1xx.o
 .debug_ranges  0x0000000000000d38       0x20 startup/startup_stm32.o

.debug_macro    0x0000000000000000    0x1b295
 .debug_macro   0x0000000000000000      0x1ef FreeRTOS/Source/CMSIS_RTOS/cmsis_os.o
 .debug_macro   0x00000000000001ef      0xa72 FreeRTOS/Source/CMSIS_RTOS/cmsis_os.o
 .debug_macro   0x0000000000000c61       0x22 FreeRTOS/Source/CMSIS_RTOS/cmsis_os.o
 .debug_macro   0x0000000000000c83       0x58 FreeRTOS/Source/CMSIS_RTOS/cmsis_os.o
 .debug_macro   0x0000000000000cdb       0x18 FreeRTOS/Source/CMSIS_RTOS/cmsis_os.o
 .debug_macro   0x0000000000000cf3       0x94 FreeRTOS/Source/CMSIS_RTOS/cmsis_os.o
 .debug_macro   0x0000000000000d87       0x35 FreeRTOS/Source/CMSIS_RTOS/cmsis_os.o
 .debug_macro   0x0000000000000dbc       0x34 FreeRTOS/Source/CMSIS_RTOS/cmsis_os.o
 .debug_macro   0x0000000000000df0      0x174 FreeRTOS/Source/CMSIS_RTOS/cmsis_os.o
 .debug_macro   0x0000000000000f64       0x57 FreeRTOS/Source/CMSIS_RTOS/cmsis_os.o
 .debug_macro   0x0000000000000fbb       0x58 FreeRTOS/Source/CMSIS_RTOS/cmsis_os.o
 .debug_macro   0x0000000000001013       0x1f FreeRTOS/Source/CMSIS_RTOS/cmsis_os.o
 .debug_macro   0x0000000000001032       0x43 FreeRTOS/Source/CMSIS_RTOS/cmsis_os.o
 .debug_macro   0x0000000000001075       0x20 FreeRTOS/Source/CMSIS_RTOS/cmsis_os.o
 .debug_macro   0x0000000000001095      0x18e FreeRTOS/Source/CMSIS_RTOS/cmsis_os.o
 .debug_macro   0x0000000000001223      0x330 FreeRTOS/Source/CMSIS_RTOS/cmsis_os.o
 .debug_macro   0x0000000000001553       0x10 FreeRTOS/Source/CMSIS_RTOS/cmsis_os.o
 .debug_macro   0x0000000000001563       0x35 FreeRTOS/Source/CMSIS_RTOS/cmsis_os.o
 .debug_macro   0x0000000000001598       0xef FreeRTOS/Source/CMSIS_RTOS/cmsis_os.o
 .debug_macro   0x0000000000001687       0x6a FreeRTOS/Source/CMSIS_RTOS/cmsis_os.o
 .debug_macro   0x00000000000016f1      0x1df FreeRTOS/Source/CMSIS_RTOS/cmsis_os.o
 .debug_macro   0x00000000000018d0      0x113 FreeRTOS/Source/CMSIS_RTOS/cmsis_os.o
 .debug_macro   0x00000000000019e3      0x168 FreeRTOS/Source/CMSIS_RTOS/cmsis_os.o
 .debug_macro   0x0000000000001b4b       0xeb FreeRTOS/Source/CMSIS_RTOS/cmsis_os.o
 .debug_macro   0x0000000000001c36       0x10 FreeRTOS/Source/CMSIS_RTOS/cmsis_os.o
 .debug_macro   0x0000000000001c46       0x1f FreeRTOS/Source/CMSIS_RTOS/cmsis_os.o
 .debug_macro   0x0000000000001c65      0x3de FreeRTOS/Source/CMSIS_RTOS/cmsis_os.o
 .debug_macro   0x0000000000002043       0xc0 FreeRTOS/Source/CMSIS_RTOS/cmsis_os.o
 .debug_macro   0x0000000000002103       0x8c FreeRTOS/Source/CMSIS_RTOS/cmsis_os.o
 .debug_macro   0x000000000000218f       0x91 FreeRTOS/Source/CMSIS_RTOS/cmsis_os.o
 .debug_macro   0x0000000000002220       0x94 FreeRTOS/Source/CMSIS_RTOS/cmsis_os.o
 .debug_macro   0x00000000000022b4       0x78 FreeRTOS/Source/CMSIS_RTOS/cmsis_os.o
 .debug_macro   0x000000000000232c       0xcf FreeRTOS/Source/CMSIS_RTOS/cmsis_os.o
 .debug_macro   0x00000000000023fb       0x26 FreeRTOS/Source/CMSIS_RTOS/cmsis_os.o
 .debug_macro   0x0000000000002421      0x17b FreeRTOS/Source/list.o
 .debug_macro   0x000000000000259c      0x264 FreeRTOS/Source/tasks.o
 .debug_macro   0x0000000000002800       0x11 FreeRTOS/Source/tasks.o
 .debug_macro   0x0000000000002811      0x176 FreeRTOS/Source/portable/GCC/ARM_CM3/port.o
 .debug_macro   0x0000000000002987      0x1a2 FreeRTOS/Source/portable/MemMang/heap_4.o
 .debug_macro   0x0000000000002b29      0x426 HAL_Driver/Src/stm32f1xx_hal.o
 .debug_macro   0x0000000000002f4f      0x224 HAL_Driver/Src/stm32f1xx_hal.o
 .debug_macro   0x0000000000003173       0x28 HAL_Driver/Src/stm32f1xx_hal.o
 .debug_macro   0x000000000000319b       0x22 HAL_Driver/Src/stm32f1xx_hal.o
 .debug_macro   0x00000000000031bd       0x34 HAL_Driver/Src/stm32f1xx_hal.o
 .debug_macro   0x00000000000031f1       0x34 HAL_Driver/Src/stm32f1xx_hal.o
 .debug_macro   0x0000000000003225      0xb8e HAL_Driver/Src/stm32f1xx_hal.o
 .debug_macro   0x0000000000003db3     0xe911 HAL_Driver/Src/stm32f1xx_hal.o
 .debug_macro   0x00000000000126c4       0x43 HAL_Driver/Src/stm32f1xx_hal.o
 .debug_macro   0x0000000000012707       0x5e HAL_Driver/Src/stm32f1xx_hal.o
 .debug_macro   0x0000000000012765       0x16 HAL_Driver/Src/stm32f1xx_hal.o
 .debug_macro   0x000000000001277b       0x97 HAL_Driver/Src/stm32f1xx_hal.o
 .debug_macro   0x0000000000012812       0xfd HAL_Driver/Src/stm32f1xx_hal.o
 .debug_macro   0x000000000001290f       0x10 HAL_Driver/Src/stm32f1xx_hal.o
 .debug_macro   0x000000000001291f       0x10 HAL_Driver/Src/stm32f1xx_hal.o
 .debug_macro   0x000000000001292f       0x1c HAL_Driver/Src/stm32f1xx_hal.o
 .debug_macro   0x000000000001294b       0x52 HAL_Driver/Src/stm32f1xx_hal.o
 .debug_macro   0x000000000001299d       0x40 HAL_Driver/Src/stm32f1xx_hal.o
 .debug_macro   0x00000000000129dd       0x10 HAL_Driver/Src/stm32f1xx_hal.o
 .debug_macro   0x00000000000129ed       0x40 HAL_Driver/Src/stm32f1xx_hal.o
 .debug_macro   0x0000000000012a2d       0xd7 HAL_Driver/Src/stm32f1xx_hal.o
 .debug_macro   0x0000000000012b04       0x1c HAL_Driver/Src/stm32f1xx_hal.o
 .debug_macro   0x0000000000012b20       0x3d HAL_Driver/Src/stm32f1xx_hal.o
 .debug_macro   0x0000000000012b5d       0x16 HAL_Driver/Src/stm32f1xx_hal.o
 .debug_macro   0x0000000000012b73      0x16f HAL_Driver/Src/stm32f1xx_hal.o
 .debug_macro   0x0000000000012ce2       0x57 HAL_Driver/Src/stm32f1xx_hal.o
 .debug_macro   0x0000000000012d39      0x5c2 HAL_Driver/Src/stm32f1xx_hal.o
 .debug_macro   0x00000000000132fb      0x28a HAL_Driver/Src/stm32f1xx_hal.o
 .debug_macro   0x0000000000013585      0x1cb HAL_Driver/Src/stm32f1xx_hal.o
 .debug_macro   0x0000000000013750      0x11e HAL_Driver/Src/stm32f1xx_hal.o
 .debug_macro   0x000000000001386e      0x1b3 HAL_Driver/Src/stm32f1xx_hal.o
 .debug_macro   0x0000000000013a21       0x27 HAL_Driver/Src/stm32f1xx_hal.o
 .debug_macro   0x0000000000013a48      0x1bc HAL_Driver/Src/stm32f1xx_hal.o
 .debug_macro   0x0000000000013c04       0x34 HAL_Driver/Src/stm32f1xx_hal.o
 .debug_macro   0x0000000000013c38       0x3c HAL_Driver/Src/stm32f1xx_hal.o
 .debug_macro   0x0000000000013c74      0x408 HAL_Driver/Src/stm32f1xx_hal.o
 .debug_macro   0x000000000001407c       0x57 HAL_Driver/Src/stm32f1xx_hal.o
 .debug_macro   0x00000000000140d3      0x46a HAL_Driver/Src/stm32f1xx_hal.o
 .debug_macro   0x000000000001453d      0x1b5 HAL_Driver/Src/stm32f1xx_hal.o
 .debug_macro   0x00000000000146f2       0x22 HAL_Driver/Src/stm32f1xx_hal.o
 .debug_macro   0x0000000000014714       0x8c HAL_Driver/Src/stm32f1xx_hal.o
 .debug_macro   0x00000000000147a0      0x242 HAL_Driver/Src/stm32f1xx_hal.o
 .debug_macro   0x00000000000149e2      0x264 HAL_Driver/Src/stm32f1xx_hal.o
 .debug_macro   0x0000000000014c46       0x79 HAL_Driver/Src/stm32f1xx_hal.o
 .debug_macro   0x0000000000014cbf      0x143 HAL_Driver/Src/stm32f1xx_hal.o
 .debug_macro   0x0000000000014e02      0x1ef HAL_Driver/Src/stm32f1xx_hal.o
 .debug_macro   0x0000000000014ff1       0xf2 HAL_Driver/Src/stm32f1xx_hal.o
 .debug_macro   0x00000000000150e3      0x1f4 HAL_Driver/Src/stm32f1xx_hal.o
 .debug_macro   0x00000000000152d7      0x853 HAL_Driver/Src/stm32f1xx_hal.o
 .debug_macro   0x0000000000015b2a       0x1f HAL_Driver/Src/stm32f1xx_hal.o
 .debug_macro   0x0000000000015b49      0x26b HAL_Driver/Src/stm32f1xx_hal.o
 .debug_macro   0x0000000000015db4      0x217 HAL_Driver/Src/stm32f1xx_hal.o
 .debug_macro   0x0000000000015fcb      0x1a7 HAL_Driver/Src/stm32f1xx_hal.o
 .debug_macro   0x0000000000016172      0x2cd HAL_Driver/Src/stm32f1xx_hal.o
 .debug_macro   0x000000000001643f       0x89 HAL_Driver/Src/stm32f1xx_hal.o
 .debug_macro   0x00000000000164c8       0x50 HAL_Driver/Src/stm32f1xx_hal.o
 .debug_macro   0x0000000000016518      0x26c HAL_Driver/Src/stm32f1xx_hal.o
 .debug_macro   0x0000000000016784       0x83 HAL_Driver/Src/stm32f1xx_hal.o
 .debug_macro   0x0000000000016807      0x41f HAL_Driver/Src/stm32f1xx_hal_adc.o
 .debug_macro   0x0000000000016c26      0x402 HAL_Driver/Src/stm32f1xx_hal_cortex.o
 .debug_macro   0x0000000000017028      0x402 HAL_Driver/Src/stm32f1xx_hal_dma.o
 .debug_macro   0x000000000001742a      0x472 HAL_Driver/Src/stm32f1xx_hal_gpio.o
 .debug_macro   0x000000000001789c      0x402 HAL_Driver/Src/stm32f1xx_hal_msp_template.o
 .debug_macro   0x0000000000017c9e      0x414 HAL_Driver/Src/stm32f1xx_hal_rcc.o
 .debug_macro   0x00000000000180b2      0x402 HAL_Driver/Src/stm32f1xx_hal_rcc_ex.o
 .debug_macro   0x00000000000184b4      0x402 HAL_Driver/Src/stm32f1xx_hal_tim.o
 .debug_macro   0x00000000000188b6       0x76 Source/ApplicationLayer/Diagnostics.o
 .debug_macro   0x000000000001892c       0x22 Source/ApplicationLayer/Diagnostics.o
 .debug_macro   0x000000000001894e      0x42e Source/ApplicationLayer/Motor.o
 .debug_macro   0x0000000000018d7c       0x3a Source/ApplicationLayer/Motor.o
 .debug_macro   0x0000000000018db6       0x4c Source/ApplicationLayer/Motor.o
 .debug_macro   0x0000000000018e02       0x10 Source/ApplicationLayer/Motor.o
 .debug_macro   0x0000000000018e12       0x9a Source/ApplicationLayer/PID.o
 .debug_macro   0x0000000000018eac       0x22 Source/ApplicationLayer/PID.o
 .debug_macro   0x0000000000018ece      0x427 Source/ApplicationLayer/Setpoint.o
 .debug_macro   0x00000000000192f5       0x10 Source/ApplicationLayer/Setpoint.o
 .debug_macro   0x0000000000019305       0x6d Source/ApplicationLayer/State.o
 .debug_macro   0x0000000000019372      0x412 Source/HardwareLayer/ADC_DMA.o
 .debug_macro   0x0000000000019784      0x406 Source/HardwareLayer/DigitalOutput.o
 .debug_macro   0x0000000000019b8a      0x421 Source/HardwareLayer/PWM.o
 .debug_macro   0x0000000000019fab      0x40c Source/HardwareLayer/Timer.o
 .debug_macro   0x000000000001a3b7      0x4f1 Source/main.o
 .debug_macro   0x000000000001a8a8      0x113 Source/main.o
 .debug_macro   0x000000000001a9bb       0x10 Source/main.o
 .debug_macro   0x000000000001a9cb      0x4c2 Source/stm32f1xx_it.o
 .debug_macro   0x000000000001ae8d      0x408 Source/system_stm32f1xx.o

.debug_line     0x0000000000000000    0x109c6
 .debug_line    0x0000000000000000      0xba7 FreeRTOS/Source/CMSIS_RTOS/cmsis_os.o
 .debug_line    0x0000000000000ba7      0x548 FreeRTOS/Source/list.o
 .debug_line    0x00000000000010ef     0x1096 FreeRTOS/Source/tasks.o
 .debug_line    0x0000000000002185      0x60c FreeRTOS/Source/portable/GCC/ARM_CM3/port.o
 .debug_line    0x0000000000002791      0x62c FreeRTOS/Source/portable/MemMang/heap_4.o
 .debug_line    0x0000000000002dbd      0xaf2 HAL_Driver/Src/stm32f1xx_hal.o
 .debug_line    0x00000000000038af      0xe63 HAL_Driver/Src/stm32f1xx_hal_adc.o
 .debug_line    0x0000000000004712      0xbe0 HAL_Driver/Src/stm32f1xx_hal_cortex.o
 .debug_line    0x00000000000052f2      0xd78 HAL_Driver/Src/stm32f1xx_hal_dma.o
 .debug_line    0x000000000000606a      0xb2a HAL_Driver/Src/stm32f1xx_hal_gpio.o
 .debug_line    0x0000000000006b94      0x984 HAL_Driver/Src/stm32f1xx_hal_msp_template.o
 .debug_line    0x0000000000007518      0xbdc HAL_Driver/Src/stm32f1xx_hal_rcc.o
 .debug_line    0x00000000000080f4      0x9f2 HAL_Driver/Src/stm32f1xx_hal_rcc_ex.o
 .debug_line    0x0000000000008ae6     0x18bc HAL_Driver/Src/stm32f1xx_hal_tim.o
 .debug_line    0x000000000000a3a2      0x327 Source/ApplicationLayer/Diagnostics.o
 .debug_line    0x000000000000a6c9      0xa26 Source/ApplicationLayer/Motor.o
 .debug_line    0x000000000000b0ef      0x3d2 Source/ApplicationLayer/PID.o
 .debug_line    0x000000000000b4c1      0x9fc Source/ApplicationLayer/Setpoint.o
 .debug_line    0x000000000000bebd      0x2fd Source/ApplicationLayer/State.o
 .debug_line    0x000000000000c1ba      0x9b6 Source/HardwareLayer/ADC_DMA.o
 .debug_line    0x000000000000cb70      0x983 Source/HardwareLayer/DigitalOutput.o
 .debug_line    0x000000000000d4f3      0xa12 Source/HardwareLayer/PWM.o
 .debug_line    0x000000000000df05      0x992 Source/HardwareLayer/Timer.o
 .debug_line    0x000000000000e897      0xc16 Source/main.o
 .debug_line    0x000000000000f4ad      0xb20 Source/stm32f1xx_it.o
 .debug_line    0x000000000000ffcd      0x97d Source/system_stm32f1xx.o
 .debug_line    0x000000000001094a       0x7c startup/startup_stm32.o

.debug_str      0x0000000000000000    0x8b4ed
 .debug_str     0x0000000000000000     0xc37c FreeRTOS/Source/CMSIS_RTOS/cmsis_os.o
                                       0xc6e6 (size before relaxing)
 .debug_str     0x000000000000c37c      0x21c FreeRTOS/Source/list.o
                                       0x9c89 (size before relaxing)
 .debug_str     0x000000000000c598     0x1364 FreeRTOS/Source/tasks.o
                                       0xbe47 (size before relaxing)
 .debug_str     0x000000000000d8fc      0x6e2 FreeRTOS/Source/portable/GCC/ARM_CM3/port.o
                                       0x7c38 (size before relaxing)
 .debug_str     0x000000000000dfde      0x242 FreeRTOS/Source/portable/MemMang/heap_4.o
                                       0xa3aa (size before relaxing)
 .debug_str     0x000000000000e220    0x7a77b HAL_Driver/Src/stm32f1xx_hal.o
                                      0x81422 (size before relaxing)
 .debug_str     0x000000000008899b      0x648 HAL_Driver/Src/stm32f1xx_hal_adc.o
                                      0x8141f (size before relaxing)
 .debug_str     0x0000000000088fe3      0x305 HAL_Driver/Src/stm32f1xx_hal_cortex.o
                                      0x81436 (size before relaxing)
 .debug_str     0x00000000000892e8      0x22d HAL_Driver/Src/stm32f1xx_hal_dma.o
                                      0x8118e (size before relaxing)
 .debug_str     0x0000000000089515      0x387 HAL_Driver/Src/stm32f1xx_hal_gpio.o
                                      0x8117d (size before relaxing)
 .debug_str     0x000000000008989c       0x51 HAL_Driver/Src/stm32f1xx_hal_msp_template.o
                                      0x80d99 (size before relaxing)
 .debug_str     0x00000000000898ed      0x356 HAL_Driver/Src/stm32f1xx_hal_rcc.o
                                      0x811ab (size before relaxing)
 .debug_str     0x0000000000089c43      0x119 HAL_Driver/Src/stm32f1xx_hal_rcc_ex.o
                                      0x80f3d (size before relaxing)
 .debug_str     0x0000000000089d5c      0xec7 HAL_Driver/Src/stm32f1xx_hal_tim.o
                                      0x81e7d (size before relaxing)
 .debug_str     0x000000000008ac23       0x96 Source/ApplicationLayer/Diagnostics.o
                                       0x3c7b (size before relaxing)
 .debug_str     0x000000000008acb9      0x1d3 Source/ApplicationLayer/Motor.o
                                      0x80f89 (size before relaxing)
 .debug_str     0x000000000008ae8c      0x24d Source/ApplicationLayer/PID.o
                                       0x3e76 (size before relaxing)
 .debug_str     0x000000000008b0d9       0x7c Source/ApplicationLayer/Setpoint.o
                                      0x81023 (size before relaxing)
 .debug_str     0x000000000008b155       0x50 Source/ApplicationLayer/State.o
                                       0x3c67 (size before relaxing)
 .debug_str     0x000000000008b1a5       0x85 Source/HardwareLayer/ADC_DMA.o
                                      0x811f6 (size before relaxing)
 .debug_str     0x000000000008b22a       0x59 Source/HardwareLayer/DigitalOutput.o
                                      0x80e05 (size before relaxing)
 .debug_str     0x000000000008b283       0x95 Source/HardwareLayer/PWM.o
                                      0x812f0 (size before relaxing)
 .debug_str     0x000000000008b318       0x59 Source/HardwareLayer/Timer.o
                                      0x811a7 (size before relaxing)
 .debug_str     0x000000000008b371       0xac Source/main.o
                                      0x85599 (size before relaxing)
 .debug_str     0x000000000008b41d       0x3b Source/stm32f1xx_it.o
                                      0x85f73 (size before relaxing)
 .debug_str     0x000000000008b458       0x6c Source/system_stm32f1xx.o
                                      0x80e3d (size before relaxing)
 .debug_str     0x000000000008b4c4       0x29 startup/startup_stm32.o
                                         0x56 (size before relaxing)

.comment        0x0000000000000000       0x7f
 .comment       0x0000000000000000       0x7f FreeRTOS/Source/CMSIS_RTOS/cmsis_os.o
                                         0x80 (size before relaxing)
 .comment       0x000000000000007f       0x80 FreeRTOS/Source/list.o
 .comment       0x000000000000007f       0x80 FreeRTOS/Source/tasks.o
 .comment       0x000000000000007f       0x80 FreeRTOS/Source/portable/GCC/ARM_CM3/port.o
 .comment       0x000000000000007f       0x80 FreeRTOS/Source/portable/MemMang/heap_4.o
 .comment       0x000000000000007f       0x80 HAL_Driver/Src/stm32f1xx_hal.o
 .comment       0x000000000000007f       0x80 HAL_Driver/Src/stm32f1xx_hal_adc.o
 .comment       0x000000000000007f       0x80 HAL_Driver/Src/stm32f1xx_hal_cortex.o
 .comment       0x000000000000007f       0x80 HAL_Driver/Src/stm32f1xx_hal_dma.o
 .comment       0x000000000000007f       0x80 HAL_Driver/Src/stm32f1xx_hal_gpio.o
 .comment       0x000000000000007f       0x80 HAL_Driver/Src/stm32f1xx_hal_msp_template.o
 .comment       0x000000000000007f       0x80 HAL_Driver/Src/stm32f1xx_hal_rcc.o
 .comment       0x000000000000007f       0x80 HAL_Driver/Src/stm32f1xx_hal_rcc_ex.o
 .comment       0x000000000000007f       0x80 HAL_Driver/Src/stm32f1xx_hal_tim.o
 .comment       0x000000000000007f       0x80 Source/ApplicationLayer/Diagnostics.o
 .comment       0x000000000000007f       0x80 Source/ApplicationLayer/Motor.o
 .comment       0x000000000000007f       0x80 Source/ApplicationLayer/PID.o
 .comment       0x000000000000007f       0x80 Source/ApplicationLayer/Setpoint.o
 .comment       0x000000000000007f       0x80 Source/ApplicationLayer/State.o
 .comment       0x000000000000007f       0x80 Source/HardwareLayer/ADC_DMA.o
 .comment       0x000000000000007f       0x80 Source/HardwareLayer/DigitalOutput.o
 .comment       0x000000000000007f       0x80 Source/HardwareLayer/PWM.o
 .comment       0x000000000000007f       0x80 Source/HardwareLayer/Timer.o
 .comment       0x000000000000007f       0x80 Source/main.o
 .comment       0x000000000000007f       0x80 Source/stm32f1xx_it.o
 .comment       0x000000000000007f       0x80 Source/system_stm32f1xx.o

.debug_frame    0x0000000000000000     0x3c28
 .debug_frame   0x0000000000000000      0x7fc FreeRTOS/Source/CMSIS_RTOS/cmsis_os.o
 .debug_frame   0x00000000000007fc       0xd8 FreeRTOS/Source/list.o
 .debug_frame   0x00000000000008d4      0x7c4 FreeRTOS/Source/tasks.o
 .debug_frame   0x0000000000001098      0x18c FreeRTOS/Source/portable/GCC/ARM_CM3/port.o
 .debug_frame   0x0000000000001224      0x108 FreeRTOS/Source/portable/MemMang/heap_4.o
 .debug_frame   0x000000000000132c      0x2fc HAL_Driver/Src/stm32f1xx_hal.o
 .debug_frame   0x0000000000001628      0x40c HAL_Driver/Src/stm32f1xx_hal_adc.o
 .debug_frame   0x0000000000001a34      0x428 HAL_Driver/Src/stm32f1xx_hal_cortex.o
 .debug_frame   0x0000000000001e5c      0x208 HAL_Driver/Src/stm32f1xx_hal_dma.o
 .debug_frame   0x0000000000002064      0x14c HAL_Driver/Src/stm32f1xx_hal_gpio.o
 .debug_frame   0x00000000000021b0       0x90 HAL_Driver/Src/stm32f1xx_hal_msp_template.o
 .debug_frame   0x0000000000002240      0x21c HAL_Driver/Src/stm32f1xx_hal_rcc.o
 .debug_frame   0x000000000000245c       0x84 HAL_Driver/Src/stm32f1xx_hal_rcc_ex.o
 .debug_frame   0x00000000000024e0      0xfb4 HAL_Driver/Src/stm32f1xx_hal_tim.o
 .debug_frame   0x0000000000003494       0x30 Source/ApplicationLayer/Diagnostics.o
 .debug_frame   0x00000000000034c4       0x98 Source/ApplicationLayer/Motor.o
 .debug_frame   0x000000000000355c       0x88 Source/ApplicationLayer/PID.o
 .debug_frame   0x00000000000035e4       0x54 Source/ApplicationLayer/Setpoint.o
 .debug_frame   0x0000000000003638       0xa4 Source/HardwareLayer/ADC_DMA.o
 .debug_frame   0x00000000000036dc       0x7c Source/HardwareLayer/DigitalOutput.o
 .debug_frame   0x0000000000003758       0xf4 Source/HardwareLayer/PWM.o
 .debug_frame   0x000000000000384c       0x9c Source/HardwareLayer/Timer.o
 .debug_frame   0x00000000000038e8       0xc4 Source/main.o
 .debug_frame   0x00000000000039ac       0x2c Source/stm32f1xx_it.o
 .debug_frame   0x00000000000039d8       0x58 Source/system_stm32f1xx.o
 .debug_frame   0x0000000000003a30       0x2c /home/marek/Ac6/SystemWorkbench/plugins/fr.ac6.mcu.externaltools.arm-none.linux64_1.17.0.201812190825/tools/compiler/bin/../lib/gcc/arm-none-eabi/7.3.1/../../../../arm-none-eabi/lib/thumb/v7-m/libc.a(lib_a-init.o)
 .debug_frame   0x0000000000003a5c       0x38 /home/marek/Ac6/SystemWorkbench/plugins/fr.ac6.mcu.externaltools.arm-none.linux64_1.17.0.201812190825/tools/compiler/bin/../lib/gcc/arm-none-eabi/7.3.1/../../../../arm-none-eabi/lib/thumb/v7-m/libc.a(lib_a-memset.o)
 .debug_frame   0x0000000000003a94       0x5c /home/marek/Ac6/SystemWorkbench/plugins/fr.ac6.mcu.externaltools.arm-none.linux64_1.17.0.201812190825/tools/compiler/bin/../lib/gcc/arm-none-eabi/7.3.1/../../../../arm-none-eabi/lib/thumb/v7-m/libc.a(lib_a-__call_atexit.o)
 .debug_frame   0x0000000000003af0       0x20 /home/marek/Ac6/SystemWorkbench/plugins/fr.ac6.mcu.externaltools.arm-none.linux64_1.17.0.201812190825/tools/compiler/bin/../lib/gcc/arm-none-eabi/7.3.1/../../../../arm-none-eabi/lib/thumb/v7-m/libc.a(lib_a-atexit.o)
 .debug_frame   0x0000000000003b10       0x34 /home/marek/Ac6/SystemWorkbench/plugins/fr.ac6.mcu.externaltools.arm-none.linux64_1.17.0.201812190825/tools/compiler/bin/../lib/gcc/arm-none-eabi/7.3.1/../../../../arm-none-eabi/lib/thumb/v7-m/libc.a(lib_a-fini.o)
 .debug_frame   0x0000000000003b44       0xb0 /home/marek/Ac6/SystemWorkbench/plugins/fr.ac6.mcu.externaltools.arm-none.linux64_1.17.0.201812190825/tools/compiler/bin/../lib/gcc/arm-none-eabi/7.3.1/../../../../arm-none-eabi/lib/thumb/v7-m/libc.a(lib_a-lock.o)
 .debug_frame   0x0000000000003bf4       0x34 /home/marek/Ac6/SystemWorkbench/plugins/fr.ac6.mcu.externaltools.arm-none.linux64_1.17.0.201812190825/tools/compiler/bin/../lib/gcc/arm-none-eabi/7.3.1/../../../../arm-none-eabi/lib/thumb/v7-m/libc.a(lib_a-__atexit.o)
